Archive member included to satisfy reference by file (symbol)

E:/STM32CubeIDE_1.18.0/STM32CubeIDE/plugins/com.st.stm32cube.ide.mcu.externaltools.gnu-tools-for-stm32.13.3.rel1.win32_1.0.0.202411081344/tools/bin/../lib/gcc/arm-none-eabi/13.3.1/../../../../arm-none-eabi/lib/thumb/v7e-m+fp/hard\libc_nano.a(libc_a-exit.o)
                              E:/STM32CubeIDE_1.18.0/STM32CubeIDE/plugins/com.st.stm32cube.ide.mcu.externaltools.gnu-tools-for-stm32.13.3.rel1.win32_1.0.0.202411081344/tools/bin/../lib/gcc/arm-none-eabi/13.3.1/../../../../arm-none-eabi/lib/thumb/v7e-m+fp/hard/crt0.o (exit)
E:/STM32CubeIDE_1.18.0/STM32CubeIDE/plugins/com.st.stm32cube.ide.mcu.externaltools.gnu-tools-for-stm32.13.3.rel1.win32_1.0.0.202411081344/tools/bin/../lib/gcc/arm-none-eabi/13.3.1/../../../../arm-none-eabi/lib/thumb/v7e-m+fp/hard\libc_nano.a(libc_a-rand.o)
                              ./Application/User/app_bluenrg_2.o (srand)
E:/STM32CubeIDE_1.18.0/STM32CubeIDE/plugins/com.st.stm32cube.ide.mcu.externaltools.gnu-tools-for-stm32.13.3.rel1.win32_1.0.0.202411081344/tools/bin/../lib/gcc/arm-none-eabi/13.3.1/../../../../arm-none-eabi/lib/thumb/v7e-m+fp/hard\libc_nano.a(libc_a-nano-vfprintf_float.o)
                              (_printf_float)
E:/STM32CubeIDE_1.18.0/STM32CubeIDE/plugins/com.st.stm32cube.ide.mcu.externaltools.gnu-tools-for-stm32.13.3.rel1.win32_1.0.0.202411081344/tools/bin/../lib/gcc/arm-none-eabi/13.3.1/../../../../arm-none-eabi/lib/thumb/v7e-m+fp/hard\libc_nano.a(libc_a-nano-vfprintf_i.o)
                              E:/STM32CubeIDE_1.18.0/STM32CubeIDE/plugins/com.st.stm32cube.ide.mcu.externaltools.gnu-tools-for-stm32.13.3.rel1.win32_1.0.0.202411081344/tools/bin/../lib/gcc/arm-none-eabi/13.3.1/../../../../arm-none-eabi/lib/thumb/v7e-m+fp/hard\libc_nano.a(libc_a-nano-vfprintf_float.o) (_printf_common)
E:/STM32CubeIDE_1.18.0/STM32CubeIDE/plugins/com.st.stm32cube.ide.mcu.externaltools.gnu-tools-for-stm32.13.3.rel1.win32_1.0.0.202411081344/tools/bin/../lib/gcc/arm-none-eabi/13.3.1/../../../../arm-none-eabi/lib/thumb/v7e-m+fp/hard\libc_nano.a(libc_a-findfp.o)
                              E:/STM32CubeIDE_1.18.0/STM32CubeIDE/plugins/com.st.stm32cube.ide.mcu.externaltools.gnu-tools-for-stm32.13.3.rel1.win32_1.0.0.202411081344/tools/bin/../lib/gcc/arm-none-eabi/13.3.1/../../../../arm-none-eabi/lib/thumb/v7e-m+fp/hard\libc_nano.a(libc_a-exit.o) (__stdio_exit_handler)
E:/STM32CubeIDE_1.18.0/STM32CubeIDE/plugins/com.st.stm32cube.ide.mcu.externaltools.gnu-tools-for-stm32.13.3.rel1.win32_1.0.0.202411081344/tools/bin/../lib/gcc/arm-none-eabi/13.3.1/../../../../arm-none-eabi/lib/thumb/v7e-m+fp/hard\libc_nano.a(libc_a-fwalk.o)
                              E:/STM32CubeIDE_1.18.0/STM32CubeIDE/plugins/com.st.stm32cube.ide.mcu.externaltools.gnu-tools-for-stm32.13.3.rel1.win32_1.0.0.202411081344/tools/bin/../lib/gcc/arm-none-eabi/13.3.1/../../../../arm-none-eabi/lib/thumb/v7e-m+fp/hard\libc_nano.a(libc_a-findfp.o) (_fwalk_sglue)
E:/STM32CubeIDE_1.18.0/STM32CubeIDE/plugins/com.st.stm32cube.ide.mcu.externaltools.gnu-tools-for-stm32.13.3.rel1.win32_1.0.0.202411081344/tools/bin/../lib/gcc/arm-none-eabi/13.3.1/../../../../arm-none-eabi/lib/thumb/v7e-m+fp/hard\libc_nano.a(libc_a-printf.o)
                              ./Application/User/app_bluenrg_2.o (printf)
E:/STM32CubeIDE_1.18.0/STM32CubeIDE/plugins/com.st.stm32cube.ide.mcu.externaltools.gnu-tools-for-stm32.13.3.rel1.win32_1.0.0.202411081344/tools/bin/../lib/gcc/arm-none-eabi/13.3.1/../../../../arm-none-eabi/lib/thumb/v7e-m+fp/hard\libc_nano.a(libc_a-stdio.o)
                              E:/STM32CubeIDE_1.18.0/STM32CubeIDE/plugins/com.st.stm32cube.ide.mcu.externaltools.gnu-tools-for-stm32.13.3.rel1.win32_1.0.0.202411081344/tools/bin/../lib/gcc/arm-none-eabi/13.3.1/../../../../arm-none-eabi/lib/thumb/v7e-m+fp/hard\libc_nano.a(libc_a-findfp.o) (__sread)
E:/STM32CubeIDE_1.18.0/STM32CubeIDE/plugins/com.st.stm32cube.ide.mcu.externaltools.gnu-tools-for-stm32.13.3.rel1.win32_1.0.0.202411081344/tools/bin/../lib/gcc/arm-none-eabi/13.3.1/../../../../arm-none-eabi/lib/thumb/v7e-m+fp/hard\libc_nano.a(libc_a-memset.o)
                              E:/STM32CubeIDE_1.18.0/STM32CubeIDE/plugins/com.st.stm32cube.ide.mcu.externaltools.gnu-tools-for-stm32.13.3.rel1.win32_1.0.0.202411081344/tools/bin/../lib/gcc/arm-none-eabi/13.3.1/../../../../arm-none-eabi/lib/thumb/v7e-m+fp/hard/crt0.o (memset)
E:/STM32CubeIDE_1.18.0/STM32CubeIDE/plugins/com.st.stm32cube.ide.mcu.externaltools.gnu-tools-for-stm32.13.3.rel1.win32_1.0.0.202411081344/tools/bin/../lib/gcc/arm-none-eabi/13.3.1/../../../../arm-none-eabi/lib/thumb/v7e-m+fp/hard\libc_nano.a(libc_a-localeconv.o)
                              E:/STM32CubeIDE_1.18.0/STM32CubeIDE/plugins/com.st.stm32cube.ide.mcu.externaltools.gnu-tools-for-stm32.13.3.rel1.win32_1.0.0.202411081344/tools/bin/../lib/gcc/arm-none-eabi/13.3.1/../../../../arm-none-eabi/lib/thumb/v7e-m+fp/hard\libc_nano.a(libc_a-nano-vfprintf_float.o) (_localeconv_r)
[...]
Memory Configuration

Name             Origin             Length             Attributes
RAM              0x20000000         0x00018000         xrw
RAM2             0x10000000         0x00008000         xrw
FLASH            0x08000000         0x00100000         xr
*default*        0x00000000         0xffffffff

Linker script and memory map

LOAD E:/STM32CubeIDE_1.18.0/STM32CubeIDE/plugins/com.st.stm32cube.ide.mcu.externaltools.gnu-tools-for-stm32.13.3.rel1.win32_1.0.0.202411081344/tools/bin/../lib/gcc/arm-none-eabi/13.3.1/thumb/v7e-m+fp/hard/crti.o
LOAD E:/STM32CubeIDE_1.18.0/STM32CubeIDE/plugins/com.st.stm32cube.ide.mcu.externaltools.gnu-tools-for-stm32.13.3.rel1.win32_1.0.0.202411081344/tools/bin/../lib/gcc/arm-none-eabi/13.3.1/thumb/v7e-m+fp/hard/crtbegin.o
LOAD E:/STM32CubeIDE_1.18.0/STM32CubeIDE/plugins/com.st.stm32cube.ide.mcu.externaltools.gnu-tools-for-stm32.13.3.rel1.win32_1.0.0.202411081344/tools/bin/../lib/gcc/arm-none-eabi/13.3.1/../../../../arm-none-eabi/lib/thumb/v7e-m+fp/hard/crt0.o
LOAD ./Application/Startup/startup_stm32l476rgtx.o
LOAD ./Application/User/app_bluenrg_2.o
LOAD ./Application/User/bsp.o
LOAD ./Application/User/gatt_db.o
LOAD ./Application/User/gpio.o
LOAD ./Application/User/hci_tl_interface.o
LOAD ./Application/User/i2c.o
LOAD ./Application/User/main.o
LOAD ./Application/User/sensor.o
LOAD ./Application/User/stm32l4xx_hal_msp.o
LOAD ./Application/User/stm32l4xx_it.o
LOAD ./Application/User/stm32l4xx_nucleo_bus.o
LOAD ./Application/User/syscalls.o
LOAD ./Application/User/sysmem.o
LOAD ./Drivers/BSP/STM32L4xx_Nucleo/stm32l4xx_nucleo.o
LOAD ./Drivers/CMSIS/system_stm32l4xx.o
LOAD ./Drivers/STM32L4xx_HAL_Driver/stm32l4xx_hal.o
LOAD ./Drivers/STM32L4xx_HAL_Driver/stm32l4xx_hal_cortex.o
LOAD ./Drivers/STM32L4xx_HAL_Driver/stm32l4xx_hal_dma.o
LOAD ./Drivers/STM32L4xx_HAL_Driver/stm32l4xx_hal_dma_ex.o
LOAD ./Drivers/STM32L4xx_HAL_Driver/stm32l4xx_hal_exti.o
LOAD ./Drivers/STM32L4xx_HAL_Driver/stm32l4xx_hal_flash.o
LOAD ./Drivers/STM32L4xx_HAL_Driver/stm32l4xx_hal_flash_ex.o
LOAD ./Drivers/STM32L4xx_HAL_Driver/stm32l4xx_hal_flash_ramfunc.o
LOAD ./Drivers/STM32L4xx_HAL_Driver/stm32l4xx_hal_gpio.o
LOAD ./Drivers/STM32L4xx_HAL_Driver/stm32l4xx_hal_i2c.o
LOAD ./Drivers/STM32L4xx_HAL_Driver/stm32l4xx_hal_i2c_ex.o
LOAD ./Drivers/STM32L4xx_HAL_Driver/stm32l4xx_hal_pwr.o
LOAD ./Drivers/STM32L4xx_HAL_Driver/stm32l4xx_hal_pwr_ex.o
LOAD ./Drivers/STM32L4xx_HAL_Driver/stm32l4xx_hal_rcc.o
LOAD ./Drivers/STM32L4xx_HAL_Driver/stm32l4xx_hal_rcc_ex.o
LOAD ./Drivers/STM32L4xx_HAL_Driver/stm32l4xx_hal_spi.o
LOAD ./Drivers/STM32L4xx_HAL_Driver/stm32l4xx_hal_spi_ex.o
LOAD ./Drivers/STM32L4xx_HAL_Driver/stm32l4xx_hal_tim.o
LOAD ./Drivers/STM32L4xx_HAL_Driver/stm32l4xx_hal_tim_ex.o
LOAD ./Drivers/STM32L4xx_HAL_Driver/stm32l4xx_hal_uart.o
LOAD ./Drivers/STM32L4xx_HAL_Driver/stm32l4xx_hal_uart_ex.o
LOAD ./Drivers/User/hts221_reg.o
LOAD ./Drivers/User/lps22hh_reg.o
LOAD ./Middlewares/BlueNRG-2/Wireless/BlueNRG-2/Controller/bluenrg1_gap_aci.o
LOAD ./Middlewares/BlueNRG-2/Wireless/BlueNRG-2/Controller/bluenrg1_gatt_aci.o
LOAD ./Middlewares/BlueNRG-2/Wireless/BlueNRG-2/Controller/bluenrg1_hal_aci.o
LOAD ./Middlewares/BlueNRG-2/Wireless/BlueNRG-2/Controller/bluenrg1_l2cap_aci.o
LOAD ./Middlewares/BlueNRG-2/Wireless/BlueNRG-2/HCI_TL/Basic/bluenrg1_devConfig.o
LOAD ./Middlewares/BlueNRG-2/Wireless/BlueNRG-2/HCI_TL/Basic/bluenrg1_events.o
LOAD ./Middlewares/BlueNRG-2/Wireless/BlueNRG-2/HCI_TL/Basic/bluenrg1_events_cb.o
LOAD ./Middlewares/BlueNRG-2/Wireless/BlueNRG-2/HCI_TL/Basic/bluenrg1_hci_le.o
LOAD ./Middlewares/BlueNRG-2/Wireless/BlueNRG-2/HCI_TL/Basic/hci_tl.o
LOAD ./Middlewares/BlueNRG-2/Wireless/BlueNRG-2/Utils/ble_list.o
START GROUP
LOAD E:/STM32CubeIDE_1.18.0/STM32CubeIDE/plugins/com.st.stm32cube.ide.mcu.externaltools.gnu-tools-for-stm32.13.3.rel1.win32_1.0.0.202411081344/tools/bin/../lib/gcc/arm-none-eabi/13.3.1/../../../../arm-none-eabi/lib/thumb/v7e-m+fp/hard\libc_nano.a
LOAD E:/STM32CubeIDE_1.18.0/STM32CubeIDE/plugins/com.st.stm32cube.ide.mcu.externaltools.gnu-tools-for-stm32.13.3.rel1.win32_1.0.0.202411081344/tools/bin/../lib/gcc/arm-none-eabi/13.3.1/../../../../arm-none-eabi/lib/thumb/v7e-m+fp/hard\libm.a
END GROUP
START GROUP
LOAD E:/STM32CubeIDE_1.18.0/STM32CubeIDE/plugins/com.st.stm32cube.ide.mcu.externaltools.gnu-tools-for-stm32.13.3.rel1.win32_1.0.0.202411081344/tools/bin/../lib/gcc/arm-none-eabi/13.3.1/thumb/v7e-m+fp/hard\libgcc.a
LOAD E:/STM32CubeIDE_1.18.0/STM32CubeIDE/plugins/com.st.stm32cube.ide.mcu.externaltools.gnu-tools-for-stm32.13.3.rel1.win32_1.0.0.202411081344/tools/bin/../lib/gcc/arm-none-eabi/13.3.1/../../../../arm-none-eabi/lib/thumb/v7e-m+fp/hard\libc_nano.a
END GROUP
START GROUP
LOAD E:/STM32CubeIDE_1.18.0/STM32CubeIDE/plugins/com.st.stm32cube.ide.mcu.externaltools.gnu-tools-for-stm32.13.3.rel1.win32_1.0.0.202411081344/tools/bin/../lib/gcc/arm-none-eabi/13.3.1/thumb/v7e-m+fp/hard\libgcc.a
LOAD E:/STM32CubeIDE_1.18.0/STM32CubeIDE/plugins/com.st.stm32cube.ide.mcu.externaltools.gnu-tools-for-stm32.13.3.rel1.win32_1.0.0.202411081344/tools/bin/../lib/gcc/arm-none-eabi/13.3.1/../../../../arm-none-eabi/lib/thumb/v7e-m+fp/hard\libc_nano.a
LOAD E:/STM32CubeIDE_1.18.0/STM32CubeIDE/plugins/com.st.stm32cube.ide.mcu.externaltools.gnu-tools-for-stm32.13.3.rel1.win32_1.0.0.202411081344/tools/bin/../lib/gcc/arm-none-eabi/13.3.1/../../../../arm-none-eabi/lib/thumb/v7e-m+fp/hard\libnosys.a
END GROUP
START GROUP
LOAD E:/STM32CubeIDE_1.18.0/STM32CubeIDE/plugins/com.st.stm32cube.ide.mcu.externaltools.gnu-tools-for-stm32.13.3.rel1.win32_1.0.0.202411081344/tools/bin/../lib/gcc/arm-none-eabi/13.3.1/thumb/v7e-m+fp/hard\libgcc.a
LOAD E:/STM32CubeIDE_1.18.0/STM32CubeIDE/plugins/com.st.stm32cube.ide.mcu.externaltools.gnu-tools-for-stm32.13.3.rel1.win32_1.0.0.202411081344/tools/bin/../lib/gcc/arm-none-eabi/13.3.1/../../../../arm-none-eabi/lib/thumb/v7e-m+fp/hard\libc_nano.a
LOAD E:/STM32CubeIDE_1.18.0/STM32CubeIDE/plugins/com.st.stm32cube.ide.mcu.externaltools.gnu-tools-for-stm32.13.3.rel1.win32_1.0.0.202411081344/tools/bin/../lib/gcc/arm-none-eabi/13.3.1/../../../../arm-none-eabi/lib/thumb/v7e-m+fp/hard\libnosys.a
END GROUP
LOAD E:/STM32CubeIDE_1.18.0/STM32CubeIDE/plugins/com.st.stm32cube.ide.mcu.externaltools.gnu-tools-for-stm32.13.3.rel1.win32_1.0.0.202411081344/tools/bin/../lib/gcc/arm-none-eabi/13.3.1/thumb/v7e-m+fp/hard/crtend.o
LOAD E:/STM32CubeIDE_1.18.0/STM32CubeIDE/plugins/com.st.stm32cube.ide.mcu.externaltools.gnu-tools-for-stm32.13.3.rel1.win32_1.0.0.202411081344/tools/bin/../lib/gcc/arm-none-eabi/13.3.1/thumb/v7e-m+fp/hard/crtn.o
                0x20018000                        _estack = (ORIGIN (RAM) + LENGTH (RAM))
                0x00000400                        _Min_Heap_Size = 0x400
                0x00000800                        _Min_Stack_Size = 0x800

.isr_vector     0x08000000      0x188
                0x08000000                        . = ALIGN (0x4)
 *(.isr_vector)
 .isr_vector    0x08000000      0x188 ./Application/Startup/startup_stm32l476rgtx.o
                0x08000000                g_pfnVectors
                0x08000188                        . = ALIGN (0x4)

.text           0x08000190     0xdc18
                0x08000190                        . = ALIGN (0x4)
 *(.text)
 .text          0x08000190       0x40 E:/STM32CubeIDE_1.18.0/STM32CubeIDE/plugins/com.st.stm32cube.ide.mcu.externaltools.gnu-tools-for-stm32.13.3.rel1.win32_1.0.0.202411081344/tools/bin/../lib/gcc/arm-none-eabi/13.3.1/thumb/v7e-m+fp/hard/crtbegin.o
 .text          0x080001d0       0xa0 E:/STM32CubeIDE_1.18.0/STM32CubeIDE/plugins/com.st.stm32cube.ide.mcu.externaltools.gnu-tools-for-stm32.13.3.rel1.win32_1.0.0.202411081344/tools/bin/../lib/gcc/arm-none-eabi/13.3.1/../../../../arm-none-eabi/lib/thumb/v7e-m+fp/hard\libc_nano.a(libc_a-memchr.o)
                0x080001d0                memchr
 .text          0x08000270       0x10 E:/STM32CubeIDE_1.18.0/STM32CubeIDE/plugins/com.st.stm32cube.ide.mcu.externaltools.gnu-tools-for-stm32.13.3.rel1.win32_1.0.0.202411081344/tools/bin/../lib/gcc/arm-none-eabi/13.3.1/../../../../arm-none-eabi/lib/thumb/v7e-m+fp/hard\libc_nano.a(libc_a-strlen.o)
                0x08000270                strlen
 .text          0x08000280      0x378 E:/STM32CubeIDE_1.18.0/STM32CubeIDE/plugins/com.st.stm32cube.ide.mcu.externaltools.gnu-tools-for-stm32.13.3.rel1.win32_1.0.0.202411081344/tools/bin/../lib/gcc/arm-none-eabi/13.3.1/thumb/v7e-m+fp/hard\libgcc.a(_arm_addsubdf3.o)
                0x08000280                __aeabi_drsub
                0x08000288                __aeabi_dsub
                0x08000288                __subdf3
                0x0800028c                __aeabi_dadd
                0x0800028c                __adddf3
                0x08000504                __floatunsidf
                0x08000504                __aeabi_ui2d
                0x08000524                __floatsidf
                0x08000524                __aeabi_i2d
                0x08000548                __aeabi_f2d
                0x08000548                __extendsfdf2
                0x0800058c                __floatundidf
                0x0800058c                __aeabi_ul2d
                0x0800059c                __floatdidf
                0x0800059c                __aeabi_l2d
 .text          0x080005f8      0x424 E:/STM32CubeIDE_1.18.0/STM32CubeIDE/plugins/com.st.stm32cube.ide.mcu.externaltools.gnu-tools-for-stm32.13.3.rel1.win32_1.0.0.202411081344/tools/bin/../lib/gcc/arm-none-eabi/13.3.1/thumb/v7e-m+fp/hard\libgcc.a(_arm_muldivdf3.o)
                0x080005f8                __aeabi_dmul
                0x080005f8                __muldf3
                0x0800084c                __divdf3
                0x0800084c                __aeabi_ddiv
 .text          0x08000a1c      0x110 E:/STM32CubeIDE_1.18.0/STM32CubeIDE/plugins/com.st.stm32cube.ide.mcu.externaltools.gnu-tools-for-stm32.13.3.rel1.win32_1.0.0.202411081344/tools/bin/../lib/gcc/arm-none-eabi/13.3.1/thumb/v7e-m+fp/hard\libgcc.a(_arm_cmpdf2.o)
                0x08000a1c                __gtdf2
                0x08000a1c                __gedf2
                0x08000a24                __ltdf2
                0x08000a24                __ledf2
                0x08000a2c                __nedf2
                0x08000a2c                __eqdf2
                0x08000a2c                __cmpdf2
                0x08000aa8                __aeabi_cdrcmple
                0x08000ab8                __aeabi_cdcmpeq
                0x08000ab8                __aeabi_cdcmple
                0x08000ac8                __aeabi_dcmpeq
                0x08000adc                __aeabi_dcmplt
                0x08000af0                __aeabi_dcmple
                0x08000b04                __aeabi_dcmpge
                0x08000b18                __aeabi_dcmpgt
 .text          0x08000b2c       0x2c E:/STM32CubeIDE_1.18.0/STM32CubeIDE/plugins/com.st.stm32cube.ide.mcu.externaltools.gnu-tools-for-stm32.13.3.rel1.win32_1.0.0.202411081344/tools/bin/../lib/gcc/arm-none-eabi/13.3.1/thumb/v7e-m+fp/hard\libgcc.a(_arm_unorddf2.o)
                0x08000b2c                __unorddf2
                0x08000b2c                __aeabi_dcmpun
 .text          0x08000b58       0x50 E:/STM32CubeIDE_1.18.0/STM32CubeIDE/plugins/com.st.stm32cube.ide.mcu.externaltools.gnu-tools-for-stm32.13.3.rel1.win32_1.0.0.202411081344/tools/bin/../lib/gcc/arm-none-eabi/13.3.1/thumb/v7e-m+fp/hard\libgcc.a(_arm_fixdfsi.o)
                0x08000b58                __aeabi_d2iz
                0x08000b58                __fixdfsi
 .text          0x08000ba8       0xa0 E:/STM32CubeIDE_1.18.0/STM32CubeIDE/plugins/com.st.stm32cube.ide.mcu.externaltools.gnu-tools-for-stm32.13.3.rel1.win32_1.0.0.202411081344/tools/bin/../lib/gcc/arm-none-eabi/13.3.1/thumb/v7e-m+fp/hard\libgcc.a(_arm_truncdfsf2.o)
                0x08000ba8                __truncdfsf2
                0x08000ba8                __aeabi_d2f
 .text          0x08000c48       0x30 E:/STM32CubeIDE_1.18.0/STM32CubeIDE/plugins/com.st.stm32cube.ide.mcu.externaltools.gnu-tools-for-stm32.13.3.rel1.win32_1.0.0.202411081344/tools/bin/../lib/gcc/arm-none-eabi/13.3.1/thumb/v7e-m+fp/hard\libgcc.a(_aeabi_uldivmod.o)
                0x08000c48                __aeabi_uldivmod
 .text          0x08000c78      0x2f8 E:/STM32CubeIDE_1.18.0/STM32CubeIDE/plugins/com.st.stm32cube.ide.mcu.externaltools.gnu-tools-for-stm32.13.3.rel1.win32_1.0.0.202411081344/tools/bin/../lib/gcc/arm-none-eabi/13.3.1/thumb/v7e-m+fp/hard\libgcc.a(_udivmoddi4.o)
                0x08000c78                __udivmoddi4
 .text          0x08000f70        0x4 E:/STM32CubeIDE_1.18.0/STM32CubeIDE/plugins/com.st.stm32cube.ide.mcu.externaltools.gnu-tools-for-stm32.13.3.rel1.win32_1.0.0.202411081344/tools/bin/../lib/gcc/arm-none-eabi/13.3.1/thumb/v7e-m+fp/hard\libgcc.a(_dvmd_tls.o)
                0x08000f70                __aeabi_idiv0
                0x08000f70                __aeabi_ldiv0
 *(.text*)
 .text.Reset_Handler
                0x08000f74       0x50 ./Application/Startup/startup_stm32l476rgtx.o
                0x08000f74                Reset_Handler
 .text.Default_Handler
                0x08000fc4        0x2 ./Application/Startup/startup_stm32l476rgtx.o
                0x08000fc4                RTC_Alarm_IRQHandler
                0x08000fc4                EXTI2_IRQHandler
                0x08000fc4                TIM8_TRG_COM_IRQHandler
                0x08000fc4                TIM8_CC_IRQHandler
                0x08000fc4                TIM1_CC_IRQHandler
                0x08000fc4                TSC_IRQHandler
                0x08000fc4                TAMP_STAMP_IRQHandler
                0x08000fc4                EXTI3_IRQHandler
                0x08000fc4                LPTIM2_IRQHandler
                0x08000fc4                DFSDM1_FLT1_IRQHandler
                0x08000fc4                I2C3_ER_IRQHandler
                0x08000fc4                DFSDM1_FLT2_IRQHandler
                0x08000fc4                I2C2_EV_IRQHandler
                0x08000fc4                CAN1_RX0_IRQHandler
                0x08000fc4                FPU_IRQHandler
                0x08000fc4                TIM1_UP_TIM16_IRQHandler
                0x08000fc4                ADC1_2_IRQHandler
                0x08000fc4                SPI1_IRQHandler
                0x08000fc4                TIM6_DAC_IRQHandler
                0x08000fc4                TIM8_UP_IRQHandler
                0x08000fc4                DMA2_Channel2_IRQHandler
                0x08000fc4                DMA1_Channel4_IRQHandler
                0x08000fc4                SAI2_IRQHandler
                0x08000fc4                DFSDM1_FLT3_IRQHandler
                0x08000fc4                USART3_IRQHandler
                0x08000fc4                DMA1_Channel7_IRQHandler
                0x08000fc4                CAN1_RX1_IRQHandler
                0x08000fc4                LCD_IRQHandler
                0x08000fc4                UART5_IRQHandler
                0x08000fc4                ADC3_IRQHandler
                0x08000fc4                TIM4_IRQHandler
                0x08000fc4                DMA2_Channel1_IRQHandler
                0x08000fc4                QUADSPI_IRQHandler
                0x08000fc4                I2C1_EV_IRQHandler
                0x08000fc4                DMA1_Channel6_IRQHandler
                0x08000fc4                UART4_IRQHandler
                0x08000fc4                DMA2_Channel4_IRQHandler
                0x08000fc4                TIM3_IRQHandler
                0x08000fc4                RCC_IRQHandler
                0x08000fc4                DMA1_Channel1_IRQHandler
                0x08000fc4                Default_Handler
                0x08000fc4                DMA2_Channel7_IRQHandler
                0x08000fc4                TIM7_IRQHandler
                0x08000fc4                SDMMC1_IRQHandler
                0x08000fc4                TIM5_IRQHandler
                0x08000fc4                I2C3_EV_IRQHandler
                0x08000fc4                EXTI9_5_IRQHandler
                0x08000fc4                RTC_WKUP_IRQHandler
                0x08000fc4                PVD_PVM_IRQHandler
                0x08000fc4                SPI2_IRQHandler
                0x08000fc4                CAN1_TX_IRQHandler
                0x08000fc4                DMA2_Channel5_IRQHandler
                0x08000fc4                DMA1_Channel5_IRQHandler
                0x08000fc4                EXTI4_IRQHandler
                0x08000fc4                RNG_IRQHandler
                0x08000fc4                TIM1_TRG_COM_TIM17_IRQHandler
                0x08000fc4                DMA1_Channel3_IRQHandler
                0x08000fc4                COMP_IRQHandler
                0x08000fc4                WWDG_IRQHandler
                0x08000fc4                LPUART1_IRQHandler
                0x08000fc4                DMA2_Channel6_IRQHandler
                0x08000fc4                TIM2_IRQHandler
                0x08000fc4                EXTI1_IRQHandler
                0x08000fc4                USART2_IRQHandler
                0x08000fc4                DFSDM1_FLT0_IRQHandler
                0x08000fc4                I2C2_ER_IRQHandler
                0x08000fc4                DMA1_Channel2_IRQHandler
                0x08000fc4                TIM8_BRK_IRQHandler
                0x08000fc4                CAN1_SCE_IRQHandler
                0x08000fc4                FLASH_IRQHandler
                0x08000fc4                USART1_IRQHandler
                0x08000fc4                OTG_FS_IRQHandler
                0x08000fc4                SPI3_IRQHandler
                0x08000fc4                I2C1_ER_IRQHandler
                0x08000fc4                FMC_IRQHandler
                0x08000fc4                SWPMI1_IRQHandler
                0x08000fc4                LPTIM1_IRQHandler
                0x08000fc4                SAI1_IRQHandler
                0x08000fc4                DMA2_Channel3_IRQHandler
                0x08000fc4                TIM1_BRK_TIM15_IRQHandler
 .text.linear_interpolation
                0x08000fc6       0x7a ./Application/User/app_bluenrg_2.o
                0x08000fc6                linear_interpolation
 .text.MX_BlueNRG_2_Init
                0x08001040       0x4c ./Application/User/app_bluenrg_2.o
                0x08001040                MX_BlueNRG_2_Init
 .text.MX_BlueNRG_2_Process
                0x0800108c       0x10 ./Application/User/app_bluenrg_2.o
                0x0800108c                MX_BlueNRG_2_Process
 .text.User_Init
                0x0800109c       0x1c ./Application/User/app_bluenrg_2.o
 .text.Sensor_DeviceInit
                0x080010b8      0x130 ./Application/User/app_bluenrg_2.o
 .text.User_Process
                0x080011e8      0x130 ./Application/User/app_bluenrg_2.o
 .text.Set_Random_Motion_Values
                0x08001318     0x10dc ./Application/User/app_bluenrg_2.o
 .text.Reset_Motion_Values
                0x080023f4      0x1d4 ./Application/User/app_bluenrg_2.o
 .text.getBlueNRGVersion
                0x080025c8       0x84 ./Application/User/app_bluenrg_2.o
                0x080025c8                getBlueNRGVersion
 .text.BSP_PB_Callback
                0x0800264c       0x20 ./Application/User/app_bluenrg_2.o
                0x0800264c                BSP_PB_Callback
 .text.hci_le_connection_complete_event
                0x0800266c       0x40 ./Application/User/app_bluenrg_2.o
                0x0800266c                hci_le_connection_complete_event
 .text.hci_disconnection_complete_event
                0x080026ac       0x40 ./Application/User/app_bluenrg_2.o
                0x080026ac                hci_disconnection_complete_event
 .text.aci_gatt_read_permit_req_event
                0x080026ec       0x22 ./Application/User/app_bluenrg_2.o
                0x080026ec                aci_gatt_read_permit_req_event
 *fill*         0x0800270e        0x2 
 .text.Sensor_Init
                0x08002710       0x9c ./Application/User/app_bluenrg_2.o
                0x08002710                Sensor_Init
 .text.Read_Humidity_HTS221
                0x080027ac       0x98 ./Application/User/app_bluenrg_2.o
                0x080027ac                Read_Humidity_HTS221
 .text.Read_Pressure_LPS22HH
                0x08002844       0x30 ./Application/User/app_bluenrg_2.o
                0x08002844                Read_Pressure_LPS22HH
 .text.Read_Temperature_LPS22HH
                0x08002874       0x34 ./Application/User/app_bluenrg_2.o
                0x08002874                Read_Temperature_LPS22HH
 .text.hts221_platform_write
                0x080028a8       0x42 ./Application/User/app_bluenrg_2.o
 .text.hts221_platform_read
                0x080028ea       0x42 ./Application/User/app_bluenrg_2.o
 .text.lps22hh_platform_write
                0x0800292c       0x3a ./Application/User/app_bluenrg_2.o
 .text.lps22hh_platform_read
                0x08002966       0x3a ./Application/User/app_bluenrg_2.o
 .text.Add_HWServW2ST_Service
                0x080029a0      0x1c0 ./Application/User/gatt_db.o
                0x080029a0                Add_HWServW2ST_Service
 .text.Add_SWServW2ST_Service
                0x08002b60      0x120 ./Application/User/gatt_db.o
                0x08002b60                Add_SWServW2ST_Service
 .text.Acc_Update
                0x08002c80      0x114 ./Application/User/gatt_db.o
                0x08002c80                Acc_Update
 .text.Quat_Update
                0x08002d94       0x8c ./Application/User/gatt_db.o
                0x08002d94                Quat_Update
 .text.Read_Request_CB
                0x08002e20      0x238 ./Application/User/gatt_db.o
                0x08002e20                Read_Request_CB
 .text.Environmental_Update
                0x08003058       0x90 ./Application/User/gatt_db.o
                0x08003058                Environmental_Update
 .text.MX_GPIO_Init
                0x080030e8       0xec ./Application/User/gpio.o
                0x080030e8                MX_GPIO_Init
 .text.HCI_TL_SPI_Enable_IRQ
                0x080031d4        0xe ./Application/User/hci_tl_interface.o
 .text.HCI_TL_SPI_Disable_IRQ
                0x080031e2        0xe ./Application/User/hci_tl_interface.o
 .text.HCI_TL_SPI_Init
                0x080031f0       0x98 ./Application/User/hci_tl_interface.o
                0x080031f0                HCI_TL_SPI_Init
 .text.HCI_TL_SPI_DeInit
                0x08003288       0x2a ./Application/User/hci_tl_interface.o
                0x08003288                HCI_TL_SPI_DeInit
 .text.HCI_TL_SPI_Reset
                0x080032b2       0x3e ./Application/User/hci_tl_interface.o
                0x080032b2                HCI_TL_SPI_Reset
 .text.HCI_TL_SPI_Receive
                0x080032f0       0xac ./Application/User/hci_tl_interface.o
                0x080032f0                HCI_TL_SPI_Receive
 .text.HCI_TL_SPI_Send
                0x0800339c       0xe4 ./Application/User/hci_tl_interface.o
                0x0800339c                HCI_TL_SPI_Send
 .text.IsDataAvailable
                0x08003480       0x1e ./Application/User/hci_tl_interface.o
 *fill*         0x0800349e        0x2 
 .text.hci_tl_lowlevel_init
                0x080034a0       0x74 ./Application/User/hci_tl_interface.o
                0x080034a0                hci_tl_lowlevel_init
 .text.hci_tl_lowlevel_isr
                0x08003514       0x22 ./Application/User/hci_tl_interface.o
                0x08003514                hci_tl_lowlevel_isr
 *fill*         0x08003536        0x2 
 .text.MX_I2C1_Init
                0x08003538       0x80 ./Application/User/i2c.o
                0x08003538                MX_I2C1_Init
 .text.HAL_I2C_MspInit
                0x080035b8       0xbc ./Application/User/i2c.o
                0x080035b8                HAL_I2C_MspInit
 .text.main     0x08003674       0x1e ./Application/User/main.o
                0x08003674                main
 .text.SystemClock_Config
                0x08003692       0xa2 ./Application/User/main.o
                0x08003692                SystemClock_Config
 .text.Error_Handler
                0x08003734        0xc ./Application/User/main.o
                0x08003734                Error_Handler
 .text.Set_DeviceConnectable
                0x08003740       0xe8 ./Application/User/sensor.o
                0x08003740                Set_DeviceConnectable
 .text.APP_UserEvtRx
                0x08003828       0xf0 ./Application/User/sensor.o
                0x08003828                APP_UserEvtRx
 .text.HAL_MspInit
                0x08003918       0x48 ./Application/User/stm32l4xx_hal_msp.o
                0x08003918                HAL_MspInit
 .text.NMI_Handler
                0x08003960        0x8 ./Application/User/stm32l4xx_it.o
                0x08003960                NMI_Handler
 .text.HardFault_Handler
                0x08003968        0x8 ./Application/User/stm32l4xx_it.o
                0x08003968                HardFault_Handler
 .text.MemManage_Handler
                0x08003970        0x8 ./Application/User/stm32l4xx_it.o
                0x08003970                MemManage_Handler
 .text.BusFault_Handler
                0x08003978        0x8 ./Application/User/stm32l4xx_it.o
                0x08003978                BusFault_Handler
 .text.UsageFault_Handler
                0x08003980        0x8 ./Application/User/stm32l4xx_it.o
                0x08003980                UsageFault_Handler
 .text.SVC_Handler
                0x08003988        0xe ./Application/User/stm32l4xx_it.o
                0x08003988                SVC_Handler
 .text.DebugMon_Handler
                0x08003996        0xe ./Application/User/stm32l4xx_it.o
                0x08003996                DebugMon_Handler
 .text.PendSV_Handler
                0x080039a4        0xe ./Application/User/stm32l4xx_it.o
                0x080039a4                PendSV_Handler
 .text.SysTick_Handler
                0x080039b2        0xc ./Application/User/stm32l4xx_it.o
                0x080039b2                SysTick_Handler
 *fill*         0x080039be        0x2 
 .text.EXTI0_IRQHandler
                0x080039c0       0x14 ./Application/User/stm32l4xx_it.o
                0x080039c0                EXTI0_IRQHandler
 .text.EXTI15_10_IRQHandler
                0x080039d4       0x14 ./Application/User/stm32l4xx_it.o
                0x080039d4                EXTI15_10_IRQHandler
 .text.BSP_SPI1_Init
                0x080039e8       0x60 ./Application/User/stm32l4xx_nucleo_bus.o
                0x080039e8                BSP_SPI1_Init
 .text.BSP_SPI1_SendRecv
                0x08003a48       0x40 ./Application/User/stm32l4xx_nucleo_bus.o
                0x08003a48                BSP_SPI1_SendRecv
 .text.BSP_GetTick
                0x08003a88        0xe ./Application/User/stm32l4xx_nucleo_bus.o
                0x08003a88                BSP_GetTick
 *fill*         0x08003a96        0x2 
 .text.MX_SPI1_Init
                0x08003a98       0x84 ./Application/User/stm32l4xx_nucleo_bus.o
                0x08003a98                MX_SPI1_Init
 .text.SPI1_MspInit
                0x08003b1c       0xc4 ./Application/User/stm32l4xx_nucleo_bus.o
 .text._getpid  0x08003be0       0x10 ./Application/User/syscalls.o
                0x08003be0                _getpid
 .text._kill    0x08003bf0       0x20 ./Application/User/syscalls.o
                0x08003bf0                _kill
 .text._exit    0x08003c10       0x16 ./Application/User/syscalls.o
                0x08003c10                _exit
 .text._read    0x08003c26       0x3a ./Application/User/syscalls.o
                0x08003c26                _read
 .text._write   0x08003c60       0x38 ./Application/User/syscalls.o
                0x08003c60                _write
 .text._close   0x08003c98       0x18 ./Application/User/syscalls.o
                0x08003c98                _close
 .text._fstat   0x08003cb0       0x20 ./Application/User/syscalls.o
                0x08003cb0                _fstat
 .text._isatty  0x08003cd0       0x16 ./Application/User/syscalls.o
                0x08003cd0                _isatty
 .text._lseek   0x08003ce6       0x1a ./Application/User/syscalls.o
                0x08003ce6                _lseek
 .text._sbrk    0x08003d00       0x6c ./Application/User/sysmem.o
                0x08003d00                _sbrk
 .text.BSP_LED_Init
                0x08003d6c       0x24 ./Drivers/BSP/STM32L4xx_Nucleo/stm32l4xx_nucleo.o
                0x08003d6c                BSP_LED_Init
 .text.BSP_LED_On
                0x08003d90       0x2c ./Drivers/BSP/STM32L4xx_Nucleo/stm32l4xx_nucleo.o
                0x08003d90                BSP_LED_On
 .text.BSP_LED_Off
                0x08003dbc       0x2c ./Drivers/BSP/STM32L4xx_Nucleo/stm32l4xx_nucleo.o
                0x08003dbc                BSP_LED_Off
 .text.BSP_LED_Toggle
                0x08003de8       0x2c ./Drivers/BSP/STM32L4xx_Nucleo/stm32l4xx_nucleo.o
                0x08003de8                BSP_LED_Toggle
 .text.LED_USER_GPIO_Init
                0x08003e14        0xe ./Drivers/BSP/STM32L4xx_Nucleo/stm32l4xx_nucleo.o
 *fill*         0x08003e22        0x2 
 .text.BSP_PB_Init
                0x08003e24       0xa8 ./Drivers/BSP/STM32L4xx_Nucleo/stm32l4xx_nucleo.o
                0x08003e24                BSP_PB_Init
 .text.BSP_PB_GetState
                0x08003ecc       0x38 ./Drivers/BSP/STM32L4xx_Nucleo/stm32l4xx_nucleo.o
                0x08003ecc                BSP_PB_GetState
 .text.BUTTON_USER_EXTI_Callback
                0x08003f04        0xe ./Drivers/BSP/STM32L4xx_Nucleo/stm32l4xx_nucleo.o
 .text.BUTTON_USER_GPIO_Init
                0x08003f12        0xe ./Drivers/BSP/STM32L4xx_Nucleo/stm32l4xx_nucleo.o
 .text.BSP_COM_Init
                0x08003f20       0x7c ./Drivers/BSP/STM32L4xx_Nucleo/stm32l4xx_nucleo.o
                0x08003f20                BSP_COM_Init
 .text.MX_USART2_UART_Init
                0x08003f9c       0x68 ./Drivers/BSP/STM32L4xx_Nucleo/stm32l4xx_nucleo.o
                0x08003f9c                MX_USART2_UART_Init
 .text.__io_putchar
                0x08004004       0x38 ./Drivers/BSP/STM32L4xx_Nucleo/stm32l4xx_nucleo.o
                0x08004004                __io_putchar
 .text.USART2_MspInit
                0x0800403c       0xbc ./Drivers/BSP/STM32L4xx_Nucleo/stm32l4xx_nucleo.o
 .text.SystemInit
                0x080040f8       0x24 ./Drivers/CMSIS/system_stm32l4xx.o
                0x080040f8                SystemInit
 .text.HAL_Init
                0x0800411c       0x40 ./Drivers/STM32L4xx_HAL_Driver/stm32l4xx_hal.o
                0x0800411c                HAL_Init
 .text.HAL_InitTick
                0x0800415c       0x78 ./Drivers/STM32L4xx_HAL_Driver/stm32l4xx_hal.o
                0x0800415c                HAL_InitTick
 .text.HAL_IncTick
                0x080041d4       0x28 ./Drivers/STM32L4xx_HAL_Driver/stm32l4xx_hal.o
                0x080041d4                HAL_IncTick
 .text.HAL_GetTick
                0x080041fc       0x18 ./Drivers/STM32L4xx_HAL_Driver/stm32l4xx_hal.o
                0x080041fc                HAL_GetTick
 .text.HAL_Delay
                0x08004214       0x48 ./Drivers/STM32L4xx_HAL_Driver/stm32l4xx_hal.o
                0x08004214                HAL_Delay
 .text.__NVIC_SetPriorityGrouping
                0x0800425c       0x48 ./Drivers/STM32L4xx_HAL_Driver/stm32l4xx_hal_cortex.o
 .text.__NVIC_GetPriorityGrouping
                0x080042a4       0x1c ./Drivers/STM32L4xx_HAL_Driver/stm32l4xx_hal_cortex.o
 .text.__NVIC_EnableIRQ
                0x080042c0       0x3c ./Drivers/STM32L4xx_HAL_Driver/stm32l4xx_hal_cortex.o
 .text.__NVIC_DisableIRQ
                0x080042fc       0x48 ./Drivers/STM32L4xx_HAL_Driver/stm32l4xx_hal_cortex.o
 .text.__NVIC_SetPriority
                0x08004344       0x54 ./Drivers/STM32L4xx_HAL_Driver/stm32l4xx_hal_cortex.o
 .text.NVIC_EncodePriority
                0x08004398       0x66 ./Drivers/STM32L4xx_HAL_Driver/stm32l4xx_hal_cortex.o
 *fill*         0x080043fe        0x2 
 .text.SysTick_Config
                0x08004400       0x44 ./Drivers/STM32L4xx_HAL_Driver/stm32l4xx_hal_cortex.o
 .text.HAL_NVIC_SetPriorityGrouping
                0x08004444       0x16 ./Drivers/STM32L4xx_HAL_Driver/stm32l4xx_hal_cortex.o
                0x08004444                HAL_NVIC_SetPriorityGrouping
 .text.HAL_NVIC_SetPriority
                0x0800445a       0x38 ./Drivers/STM32L4xx_HAL_Driver/stm32l4xx_hal_cortex.o
                0x0800445a                HAL_NVIC_SetPriority
 .text.HAL_NVIC_EnableIRQ
                0x08004492       0x1c ./Drivers/STM32L4xx_HAL_Driver/stm32l4xx_hal_cortex.o
                0x08004492                HAL_NVIC_EnableIRQ
 .text.HAL_NVIC_DisableIRQ
                0x080044ae       0x1c ./Drivers/STM32L4xx_HAL_Driver/stm32l4xx_hal_cortex.o
                0x080044ae                HAL_NVIC_DisableIRQ
 .text.HAL_SYSTICK_Config
                0x080044ca       0x18 ./Drivers/STM32L4xx_HAL_Driver/stm32l4xx_hal_cortex.o
                0x080044ca                HAL_SYSTICK_Config
 .text.HAL_EXTI_RegisterCallback
                0x080044e2       0x34 ./Drivers/STM32L4xx_HAL_Driver/stm32l4xx_hal_exti.o
                0x080044e2                HAL_EXTI_RegisterCallback
 .text.HAL_EXTI_GetHandle
                0x08004516       0x28 ./Drivers/STM32L4xx_HAL_Driver/stm32l4xx_hal_exti.o
                0x08004516                HAL_EXTI_GetHandle
 *fill*         0x0800453e        0x2 
 .text.HAL_EXTI_IRQHandler
                0x08004540       0x60 ./Drivers/STM32L4xx_HAL_Driver/stm32l4xx_hal_exti.o
                0x08004540                HAL_EXTI_IRQHandler
 .text.HAL_GPIO_Init
                0x080045a0      0x354 ./Drivers/STM32L4xx_HAL_Driver/stm32l4xx_hal_gpio.o
                0x080045a0                HAL_GPIO_Init
 .text.HAL_GPIO_DeInit
                0x080048f4      0x1e8 ./Drivers/STM32L4xx_HAL_Driver/stm32l4xx_hal_gpio.o
                0x080048f4                HAL_GPIO_DeInit
 .text.HAL_GPIO_ReadPin
                0x08004adc       0x30 ./Drivers/STM32L4xx_HAL_Driver/stm32l4xx_hal_gpio.o
                0x08004adc                HAL_GPIO_ReadPin
 .text.HAL_GPIO_WritePin
                0x08004b0c       0x30 ./Drivers/STM32L4xx_HAL_Driver/stm32l4xx_hal_gpio.o
                0x08004b0c                HAL_GPIO_WritePin
 .text.HAL_GPIO_TogglePin
                0x08004b3c       0x34 ./Drivers/STM32L4xx_HAL_Driver/stm32l4xx_hal_gpio.o
                0x08004b3c                HAL_GPIO_TogglePin
 .text.HAL_I2C_Init
                0x08004b70      0x11e ./Drivers/STM32L4xx_HAL_Driver/stm32l4xx_hal_i2c.o
                0x08004b70                HAL_I2C_Init
 *fill*         0x08004c8e        0x2 
 .text.HAL_I2C_Mem_Write
                0x08004c90      0x228 ./Drivers/STM32L4xx_HAL_Driver/stm32l4xx_hal_i2c.o
                0x08004c90                HAL_I2C_Mem_Write
 .text.HAL_I2C_Mem_Read
                0x08004eb8      0x234 ./Drivers/STM32L4xx_HAL_Driver/stm32l4xx_hal_i2c.o
                0x08004eb8                HAL_I2C_Mem_Read
 .text.I2C_RequestMemoryWrite
                0x080050ec       0xa8 ./Drivers/STM32L4xx_HAL_Driver/stm32l4xx_hal_i2c.o
 .text.I2C_RequestMemoryRead
                0x08005194       0xa8 ./Drivers/STM32L4xx_HAL_Driver/stm32l4xx_hal_i2c.o
 .text.I2C_Flush_TXDR
                0x0800523c       0x48 ./Drivers/STM32L4xx_HAL_Driver/stm32l4xx_hal_i2c.o
 .text.I2C_WaitOnFlagUntilTimeout
                0x08005284       0x80 ./Drivers/STM32L4xx_HAL_Driver/stm32l4xx_hal_i2c.o
 .text.I2C_WaitOnTXISFlagUntilTimeout
                0x08005304       0x80 ./Drivers/STM32L4xx_HAL_Driver/stm32l4xx_hal_i2c.o
 .text.I2C_WaitOnSTOPFlagUntilTimeout
                0x08005384       0x78 ./Drivers/STM32L4xx_HAL_Driver/stm32l4xx_hal_i2c.o
 .text.I2C_IsErrorOccurred
                0x080053fc      0x1d8 ./Drivers/STM32L4xx_HAL_Driver/stm32l4xx_hal_i2c.o
 .text.I2C_TransferConfig
                0x080055d4       0x64 ./Drivers/STM32L4xx_HAL_Driver/stm32l4xx_hal_i2c.o
 .text.HAL_I2CEx_ConfigAnalogFilter
                0x08005638       0x96 ./Drivers/STM32L4xx_HAL_Driver/stm32l4xx_hal_i2c_ex.o
                0x08005638                HAL_I2CEx_ConfigAnalogFilter
 .text.HAL_I2CEx_ConfigDigitalFilter
                0x080056ce       0x98 ./Drivers/STM32L4xx_HAL_Driver/stm32l4xx_hal_i2c_ex.o
                0x080056ce                HAL_I2CEx_ConfigDigitalFilter
 *fill*         0x08005766        0x2 
 .text.HAL_PWREx_GetVoltageRange
                0x08005768       0x1c ./Drivers/STM32L4xx_HAL_Driver/stm32l4xx_hal_pwr_ex.o
                0x08005768                HAL_PWREx_GetVoltageRange
 .text.HAL_PWREx_ControlVoltageScaling
                0x08005784       0xac ./Drivers/STM32L4xx_HAL_Driver/stm32l4xx_hal_pwr_ex.o
                0x08005784                HAL_PWREx_ControlVoltageScaling
 .text.HAL_RCC_OscConfig
                0x08005830      0x7b8 ./Drivers/STM32L4xx_HAL_Driver/stm32l4xx_hal_rcc.o
                0x08005830                HAL_RCC_OscConfig
 .text.HAL_RCC_ClockConfig
                0x08005fe8      0x200 ./Drivers/STM32L4xx_HAL_Driver/stm32l4xx_hal_rcc.o
                0x08005fe8                HAL_RCC_ClockConfig
 .text.HAL_RCC_GetSysClockFreq
                0x080061e8      0x118 ./Drivers/STM32L4xx_HAL_Driver/stm32l4xx_hal_rcc.o
                0x080061e8                HAL_RCC_GetSysClockFreq
 .text.HAL_RCC_GetHCLKFreq
                0x08006300       0x18 ./Drivers/STM32L4xx_HAL_Driver/stm32l4xx_hal_rcc.o
                0x08006300                HAL_RCC_GetHCLKFreq
 .text.HAL_RCC_GetPCLK1Freq
                0x08006318       0x2c ./Drivers/STM32L4xx_HAL_Driver/stm32l4xx_hal_rcc.o
                0x08006318                HAL_RCC_GetPCLK1Freq
 .text.HAL_RCC_GetPCLK2Freq
                0x08006344       0x2c ./Drivers/STM32L4xx_HAL_Driver/stm32l4xx_hal_rcc.o
                0x08006344                HAL_RCC_GetPCLK2Freq
 .text.RCC_SetFlashLatencyFromMSIRange
                0x08006370       0xc0 ./Drivers/STM32L4xx_HAL_Driver/stm32l4xx_hal_rcc.o
 .text.HAL_RCCEx_PeriphCLKConfig
                0x08006430      0x5d4 ./Drivers/STM32L4xx_HAL_Driver/stm32l4xx_hal_rcc_ex.o
                0x08006430                HAL_RCCEx_PeriphCLKConfig
 .text.RCCEx_PLLSAI1_Config
                0x08006a04      0x1e8 ./Drivers/STM32L4xx_HAL_Driver/stm32l4xx_hal_rcc_ex.o
 .text.RCCEx_PLLSAI2_Config
                0x08006bec      0x1bc ./Drivers/STM32L4xx_HAL_Driver/stm32l4xx_hal_rcc_ex.o
 .text.HAL_SPI_Init
                0x08006da8      0x146 ./Drivers/STM32L4xx_HAL_Driver/stm32l4xx_hal_spi.o
                0x08006da8                HAL_SPI_Init
 .text.HAL_SPI_MspInit
                0x08006eee       0x14 ./Drivers/STM32L4xx_HAL_Driver/stm32l4xx_hal_spi.o
                0x08006eee                HAL_SPI_MspInit
 .text.HAL_SPI_TransmitReceive
                0x08006f02      0x426 ./Drivers/STM32L4xx_HAL_Driver/stm32l4xx_hal_spi.o
                0x08006f02                HAL_SPI_TransmitReceive
 .text.HAL_SPI_GetState
                0x08007328       0x1c ./Drivers/STM32L4xx_HAL_Driver/stm32l4xx_hal_spi.o
                0x08007328                HAL_SPI_GetState
 .text.SPI_WaitFlagStateUntilTimeout
                0x08007344      0x110 ./Drivers/STM32L4xx_HAL_Driver/stm32l4xx_hal_spi.o
 .text.SPI_WaitFifoStateUntilTimeout
                0x08007454      0x12c ./Drivers/STM32L4xx_HAL_Driver/stm32l4xx_hal_spi.o
 .text.SPI_EndRxTxTransaction
                0x08007580       0x8c ./Drivers/STM32L4xx_HAL_Driver/stm32l4xx_hal_spi.o
 .text.HAL_UART_Init
                0x0800760c       0x9c ./Drivers/STM32L4xx_HAL_Driver/stm32l4xx_hal_uart.o
                0x0800760c                HAL_UART_Init
 .text.HAL_UART_MspInit
                0x080076a8       0x14 ./Drivers/STM32L4xx_HAL_Driver/stm32l4xx_hal_uart.o
                0x080076a8                HAL_UART_MspInit
 .text.HAL_UART_Transmit
                0x080076bc      0x126 ./Drivers/STM32L4xx_HAL_Driver/stm32l4xx_hal_uart.o
                0x080076bc                HAL_UART_Transmit
 *fill*         0x080077e2        0x2 
 .text.UART_SetConfig
                0x080077e4      0x570 ./Drivers/STM32L4xx_HAL_Driver/stm32l4xx_hal_uart.o
                0x080077e4                UART_SetConfig
 .text.UART_AdvFeatureConfig
                0x08007d54      0x144 ./Drivers/STM32L4xx_HAL_Driver/stm32l4xx_hal_uart.o
                0x08007d54                UART_AdvFeatureConfig
 .text.UART_CheckIdleState
                0x08007e98       0x92 ./Drivers/STM32L4xx_HAL_Driver/stm32l4xx_hal_uart.o
                0x08007e98                UART_CheckIdleState
 .text.UART_WaitOnFlagUntilTimeout
                0x08007f2a      0x188 ./Drivers/STM32L4xx_HAL_Driver/stm32l4xx_hal_uart.o
                0x08007f2a                UART_WaitOnFlagUntilTimeout
 .text.hts221_read_reg
                0x080080b2       0x3c ./Drivers/User/hts221_reg.o
                0x080080b2                hts221_read_reg
 .text.hts221_write_reg
                0x080080ee       0x3c ./Drivers/User/hts221_reg.o
                0x080080ee                hts221_write_reg
 .text.hts221_data_rate_set
                0x0800812a       0x4c ./Drivers/User/hts221_reg.o
                0x0800812a                hts221_data_rate_set
 .text.hts221_block_data_update_set
                0x08008176       0x4c ./Drivers/User/hts221_reg.o
                0x08008176                hts221_block_data_update_set
 .text.hts221_humidity_raw_get
                0x080081c2       0x44 ./Drivers/User/hts221_reg.o
                0x080081c2                hts221_humidity_raw_get
 .text.hts221_power_on_set
                0x08008206       0x4c ./Drivers/User/hts221_reg.o
                0x08008206                hts221_power_on_set
 .text.hts221_hum_rh_point_0_get
                0x08008252       0x3c ./Drivers/User/hts221_reg.o
                0x08008252                hts221_hum_rh_point_0_get
 .text.hts221_hum_rh_point_1_get
                0x0800828e       0x3c ./Drivers/User/hts221_reg.o
                0x0800828e                hts221_hum_rh_point_1_get
 .text.hts221_hum_adc_point_0_get
                0x080082ca       0x44 ./Drivers/User/hts221_reg.o
                0x080082ca                hts221_hum_adc_point_0_get
 .text.hts221_hum_adc_point_1_get
                0x0800830e       0x44 ./Drivers/User/hts221_reg.o
                0x0800830e                hts221_hum_adc_point_1_get
 .text.lps22hh_read_reg
                0x08008352       0x3c ./Drivers/User/lps22hh_reg.o
                0x08008352                lps22hh_read_reg
 .text.lps22hh_write_reg
                0x0800838e       0x3c ./Drivers/User/lps22hh_reg.o
                0x0800838e                lps22hh_write_reg
 *fill*         0x080083ca        0x2 
 .text.lps22hh_from_lsb_to_hpa
                0x080083cc       0x30 ./Drivers/User/lps22hh_reg.o
                0x080083cc                lps22hh_from_lsb_to_hpa
 .text.lps22hh_from_lsb_to_celsius
                0x080083fc       0x34 ./Drivers/User/lps22hh_reg.o
                0x080083fc                lps22hh_from_lsb_to_celsius
 .text.lps22hh_block_data_update_set
                0x08008430       0x4c ./Drivers/User/lps22hh_reg.o
                0x08008430                lps22hh_block_data_update_set
 .text.lps22hh_data_rate_set
                0x0800847c       0x9c ./Drivers/User/lps22hh_reg.o
                0x0800847c                lps22hh_data_rate_set
 .text.lps22hh_pressure_raw_get
                0x08008518       0x52 ./Drivers/User/lps22hh_reg.o
                0x08008518                lps22hh_pressure_raw_get
 .text.lps22hh_temperature_raw_get
                0x0800856a       0x44 ./Drivers/User/lps22hh_reg.o
                0x0800856a                lps22hh_temperature_raw_get
 .text.lps22hh_reset_set
                0x080085ae       0x4c ./Drivers/User/lps22hh_reg.o
                0x080085ae                lps22hh_reset_set
 .text.lps22hh_reset_get
                0x080085fa       0x32 ./Drivers/User/lps22hh_reg.o
                0x080085fa                lps22hh_reset_get
 .text.aci_gap_set_discoverable
                0x0800862c      0x206 ./Middlewares/BlueNRG-2/Wireless/BlueNRG-2/Controller/bluenrg1_gap_aci.o
                0x0800862c                aci_gap_set_discoverable
 .text.aci_gap_set_authentication_requirement
                0x08008832      0x19a ./Middlewares/BlueNRG-2/Wireless/BlueNRG-2/Controller/bluenrg1_gap_aci.o
                0x08008832                aci_gap_set_authentication_requirement
 .text.aci_gap_init
                0x080089cc      0x15a ./Middlewares/BlueNRG-2/Wireless/BlueNRG-2/Controller/bluenrg1_gap_aci.o
                0x080089cc                aci_gap_init
 .text.aci_gap_update_adv_data
                0x08008b26       0xf6 ./Middlewares/BlueNRG-2/Wireless/BlueNRG-2/Controller/bluenrg1_gap_aci.o
                0x08008b26                aci_gap_update_adv_data
 .text.aci_gatt_init
                0x08008c1c       0x54 ./Middlewares/BlueNRG-2/Wireless/BlueNRG-2/Controller/bluenrg1_gatt_aci.o
                0x08008c1c                aci_gatt_init
 .text.aci_gatt_add_service
                0x08008c70      0x1ac ./Middlewares/BlueNRG-2/Wireless/BlueNRG-2/Controller/bluenrg1_gatt_aci.o
                0x08008c70                aci_gatt_add_service
 .text.aci_gatt_add_char
                0x08008e1c      0x210 ./Middlewares/BlueNRG-2/Wireless/BlueNRG-2/Controller/bluenrg1_gatt_aci.o
                0x08008e1c                aci_gatt_add_char
 .text.aci_gatt_update_char_value
                0x0800902c      0x164 ./Middlewares/BlueNRG-2/Wireless/BlueNRG-2/Controller/bluenrg1_gatt_aci.o
                0x0800902c                aci_gatt_update_char_value
 .text.aci_gatt_allow_read
                0x08009190       0xbc ./Middlewares/BlueNRG-2/Wireless/BlueNRG-2/Controller/bluenrg1_gatt_aci.o
                0x08009190                aci_gatt_allow_read
 .text.aci_hal_read_config_data
                0x0800924c      0x108 ./Middlewares/BlueNRG-2/Wireless/BlueNRG-2/Controller/bluenrg1_hal_aci.o
                0x0800924c                aci_hal_read_config_data
 .text.aci_hal_set_tx_power_level
                0x08009354       0xe0 ./Middlewares/BlueNRG-2/Wireless/BlueNRG-2/Controller/bluenrg1_hal_aci.o
                0x08009354                aci_hal_set_tx_power_level
 .text.hci_disconnection_complete_event_process
                0x08009434       0x30 ./Middlewares/BlueNRG-2/Wireless/BlueNRG-2/HCI_TL/Basic/bluenrg1_events.o
                0x08009434                hci_disconnection_complete_event_process
 .text.hci_encryption_change_event_process
                0x08009464       0x30 ./Middlewares/BlueNRG-2/Wireless/BlueNRG-2/HCI_TL/Basic/bluenrg1_events.o
                0x08009464                hci_encryption_change_event_process
 .text.hci_read_remote_version_information_complete_event_process
                0x08009494       0x3e ./Middlewares/BlueNRG-2/Wireless/BlueNRG-2/HCI_TL/Basic/bluenrg1_events.o
                0x08009494                hci_read_remote_version_information_complete_event_process
 .text.hci_hardware_error_event_process
                0x080094d2       0x24 ./Middlewares/BlueNRG-2/Wireless/BlueNRG-2/HCI_TL/Basic/bluenrg1_events.o
                0x080094d2                hci_hardware_error_event_process
 .text.hci_number_of_completed_packets_event_process
                0x080094f6       0xae ./Middlewares/BlueNRG-2/Wireless/BlueNRG-2/HCI_TL/Basic/bluenrg1_events.o
                0x080094f6                hci_number_of_completed_packets_event_process
 .text.hci_data_buffer_overflow_event_process
                0x080095a4       0x24 ./Middlewares/BlueNRG-2/Wireless/BlueNRG-2/HCI_TL/Basic/bluenrg1_events.o
                0x080095a4                hci_data_buffer_overflow_event_process
 .text.hci_encryption_key_refresh_complete_event_process
                0x080095c8       0x2e ./Middlewares/BlueNRG-2/Wireless/BlueNRG-2/HCI_TL/Basic/bluenrg1_events.o
                0x080095c8                hci_encryption_key_refresh_complete_event_process
 .text.aci_blue_initialized_event_process
                0x080095f6       0x24 ./Middlewares/BlueNRG-2/Wireless/BlueNRG-2/HCI_TL/Basic/bluenrg1_events.o
                0x080095f6                aci_blue_initialized_event_process
 .text.aci_blue_events_lost_event_process
                0x0800961a       0x22 ./Middlewares/BlueNRG-2/Wireless/BlueNRG-2/HCI_TL/Basic/bluenrg1_events.o
                0x0800961a                aci_blue_events_lost_event_process
 .text.aci_blue_crash_info_event_process
                0x0800963c       0x84 ./Middlewares/BlueNRG-2/Wireless/BlueNRG-2/HCI_TL/Basic/bluenrg1_events.o
                0x0800963c                aci_blue_crash_info_event_process
 .text.aci_hal_end_of_radio_activity_event_process
                0x080096c0       0x2e ./Middlewares/BlueNRG-2/Wireless/BlueNRG-2/HCI_TL/Basic/bluenrg1_events.o
                0x080096c0                aci_hal_end_of_radio_activity_event_process
 .text.aci_hal_scan_req_report_event_process
                0x080096ee       0x2e ./Middlewares/BlueNRG-2/Wireless/BlueNRG-2/HCI_TL/Basic/bluenrg1_events.o
                0x080096ee                aci_hal_scan_req_report_event_process
 .text.aci_hal_fw_error_event_process
                0x0800971c       0x2c ./Middlewares/BlueNRG-2/Wireless/BlueNRG-2/HCI_TL/Basic/bluenrg1_events.o
                0x0800971c                aci_hal_fw_error_event_process
 .text.aci_gap_limited_discoverable_event_process
                0x08009748       0x1a ./Middlewares/BlueNRG-2/Wireless/BlueNRG-2/HCI_TL/Basic/bluenrg1_events.o
                0x08009748                aci_gap_limited_discoverable_event_process
 .text.aci_gap_pairing_complete_event_process
                0x08009762       0x2e ./Middlewares/BlueNRG-2/Wireless/BlueNRG-2/HCI_TL/Basic/bluenrg1_events.o
                0x08009762                aci_gap_pairing_complete_event_process
 .text.aci_gap_pass_key_req_event_process
                0x08009790       0x26 ./Middlewares/BlueNRG-2/Wireless/BlueNRG-2/HCI_TL/Basic/bluenrg1_events.o
                0x08009790                aci_gap_pass_key_req_event_process
 .text.aci_gap_authorization_req_event_process
                0x080097b6       0x26 ./Middlewares/BlueNRG-2/Wireless/BlueNRG-2/HCI_TL/Basic/bluenrg1_events.o
                0x080097b6                aci_gap_authorization_req_event_process
 .text.aci_gap_slave_security_initiated_event_process
                0x080097dc       0x1a ./Middlewares/BlueNRG-2/Wireless/BlueNRG-2/HCI_TL/Basic/bluenrg1_events.o
                0x080097dc                aci_gap_slave_security_initiated_event_process
 .text.aci_gap_bond_lost_event_process
                0x080097f6       0x1a ./Middlewares/BlueNRG-2/Wireless/BlueNRG-2/HCI_TL/Basic/bluenrg1_events.o
                0x080097f6                aci_gap_bond_lost_event_process
 .text.aci_gap_proc_complete_event_process
                0x08009810       0x2e ./Middlewares/BlueNRG-2/Wireless/BlueNRG-2/HCI_TL/Basic/bluenrg1_events.o
                0x08009810                aci_gap_proc_complete_event_process
 .text.aci_gap_addr_not_resolved_event_process
                0x0800983e       0x26 ./Middlewares/BlueNRG-2/Wireless/BlueNRG-2/HCI_TL/Basic/bluenrg1_events.o
                0x0800983e                aci_gap_addr_not_resolved_event_process
 .text.aci_gap_numeric_comparison_value_event_process
                0x08009864       0x2e ./Middlewares/BlueNRG-2/Wireless/BlueNRG-2/HCI_TL/Basic/bluenrg1_events.o
                0x08009864                aci_gap_numeric_comparison_value_event_process
 .text.aci_gap_keypress_notification_event_process
                0x08009892       0x2c ./Middlewares/BlueNRG-2/Wireless/BlueNRG-2/HCI_TL/Basic/bluenrg1_events.o
                0x08009892                aci_gap_keypress_notification_event_process
 .text.aci_l2cap_connection_update_resp_event_process
                0x080098be       0x2e ./Middlewares/BlueNRG-2/Wireless/BlueNRG-2/HCI_TL/Basic/bluenrg1_events.o
                0x080098be                aci_l2cap_connection_update_resp_event_process
 .text.aci_l2cap_proc_timeout_event_process
                0x080098ec       0x2e ./Middlewares/BlueNRG-2/Wireless/BlueNRG-2/HCI_TL/Basic/bluenrg1_events.o
                0x080098ec                aci_l2cap_proc_timeout_event_process
 .text.aci_l2cap_connection_update_req_event_process
                0x0800991a       0x5c ./Middlewares/BlueNRG-2/Wireless/BlueNRG-2/HCI_TL/Basic/bluenrg1_events.o
                0x0800991a                aci_l2cap_connection_update_req_event_process
 .text.aci_l2cap_command_reject_event_process
                0x08009976       0x3c ./Middlewares/BlueNRG-2/Wireless/BlueNRG-2/HCI_TL/Basic/bluenrg1_events.o
                0x08009976                aci_l2cap_command_reject_event_process
 .text.aci_gatt_attribute_modified_event_process
                0x080099b2       0x3e ./Middlewares/BlueNRG-2/Wireless/BlueNRG-2/HCI_TL/Basic/bluenrg1_events.o
                0x080099b2                aci_gatt_attribute_modified_event_process
 .text.aci_gatt_proc_timeout_event_process
                0x080099f0       0x26 ./Middlewares/BlueNRG-2/Wireless/BlueNRG-2/HCI_TL/Basic/bluenrg1_events.o
                0x080099f0                aci_gatt_proc_timeout_event_process
 .text.aci_att_exchange_mtu_resp_event_process
                0x08009a16       0x2e ./Middlewares/BlueNRG-2/Wireless/BlueNRG-2/HCI_TL/Basic/bluenrg1_events.o
                0x08009a16                aci_att_exchange_mtu_resp_event_process
 .text.aci_att_find_info_resp_event_process
                0x08009a44       0x30 ./Middlewares/BlueNRG-2/Wireless/BlueNRG-2/HCI_TL/Basic/bluenrg1_events.o
                0x08009a44                aci_att_find_info_resp_event_process
 .text.aci_att_find_by_type_value_resp_event_process
                0x08009a74       0xb4 ./Middlewares/BlueNRG-2/Wireless/BlueNRG-2/HCI_TL/Basic/bluenrg1_events.o
                0x08009a74                aci_att_find_by_type_value_resp_event_process
 .text.aci_att_read_by_type_resp_event_process
                0x08009b28       0x30 ./Middlewares/BlueNRG-2/Wireless/BlueNRG-2/HCI_TL/Basic/bluenrg1_events.o
                0x08009b28                aci_att_read_by_type_resp_event_process
 .text.aci_att_read_resp_event_process
                0x08009b58       0x2e ./Middlewares/BlueNRG-2/Wireless/BlueNRG-2/HCI_TL/Basic/bluenrg1_events.o
                0x08009b58                aci_att_read_resp_event_process
 .text.aci_att_read_blob_resp_event_process
                0x08009b86       0x2e ./Middlewares/BlueNRG-2/Wireless/BlueNRG-2/HCI_TL/Basic/bluenrg1_events.o
                0x08009b86                aci_att_read_blob_resp_event_process
 .text.aci_att_read_multiple_resp_event_process
                0x08009bb4       0x2e ./Middlewares/BlueNRG-2/Wireless/BlueNRG-2/HCI_TL/Basic/bluenrg1_events.o
                0x08009bb4                aci_att_read_multiple_resp_event_process
 .text.aci_att_read_by_group_type_resp_event_process
                0x08009be2       0x30 ./Middlewares/BlueNRG-2/Wireless/BlueNRG-2/HCI_TL/Basic/bluenrg1_events.o
                0x08009be2                aci_att_read_by_group_type_resp_event_process
 .text.aci_att_prepare_write_resp_event_process
                0x08009c12       0x3c ./Middlewares/BlueNRG-2/Wireless/BlueNRG-2/HCI_TL/Basic/bluenrg1_events.o
                0x08009c12                aci_att_prepare_write_resp_event_process
 .text.aci_att_exec_write_resp_event_process
                0x08009c4e       0x26 ./Middlewares/BlueNRG-2/Wireless/BlueNRG-2/HCI_TL/Basic/bluenrg1_events.o
                0x08009c4e                aci_att_exec_write_resp_event_process
 .text.aci_gatt_indication_event_process
                0x08009c74       0x32 ./Middlewares/BlueNRG-2/Wireless/BlueNRG-2/HCI_TL/Basic/bluenrg1_events.o
                0x08009c74                aci_gatt_indication_event_process
 .text.aci_gatt_notification_event_process
                0x08009ca6       0x32 ./Middlewares/BlueNRG-2/Wireless/BlueNRG-2/HCI_TL/Basic/bluenrg1_events.o
                0x08009ca6                aci_gatt_notification_event_process
 .text.aci_gatt_proc_complete_event_process
                0x08009cd8       0x2c ./Middlewares/BlueNRG-2/Wireless/BlueNRG-2/HCI_TL/Basic/bluenrg1_events.o
                0x08009cd8                aci_gatt_proc_complete_event_process
 .text.aci_gatt_error_resp_event_process
                0x08009d04       0x34 ./Middlewares/BlueNRG-2/Wireless/BlueNRG-2/HCI_TL/Basic/bluenrg1_events.o
                0x08009d04                aci_gatt_error_resp_event_process
 .text.aci_gatt_disc_read_char_by_uuid_resp_event_process
                0x08009d38       0x32 ./Middlewares/BlueNRG-2/Wireless/BlueNRG-2/HCI_TL/Basic/bluenrg1_events.o
                0x08009d38                aci_gatt_disc_read_char_by_uuid_resp_event_process
 .text.aci_gatt_write_permit_req_event_process
                0x08009d6a       0x32 ./Middlewares/BlueNRG-2/Wireless/BlueNRG-2/HCI_TL/Basic/bluenrg1_events.o
                0x08009d6a                aci_gatt_write_permit_req_event_process
 .text.aci_gatt_read_permit_req_event_process
                0x08009d9c       0x32 ./Middlewares/BlueNRG-2/Wireless/BlueNRG-2/HCI_TL/Basic/bluenrg1_events.o
                0x08009d9c                aci_gatt_read_permit_req_event_process
 .text.aci_gatt_read_multi_permit_req_event_process
                0x08009dce       0x8a ./Middlewares/BlueNRG-2/Wireless/BlueNRG-2/HCI_TL/Basic/bluenrg1_events.o
                0x08009dce                aci_gatt_read_multi_permit_req_event_process
 .text.aci_gatt_tx_pool_available_event_process
                0x08009e58       0x2e ./Middlewares/BlueNRG-2/Wireless/BlueNRG-2/HCI_TL/Basic/bluenrg1_events.o
                0x08009e58                aci_gatt_tx_pool_available_event_process
 .text.aci_gatt_server_confirmation_event_process
                0x08009e86       0x26 ./Middlewares/BlueNRG-2/Wireless/BlueNRG-2/HCI_TL/Basic/bluenrg1_events.o
                0x08009e86                aci_gatt_server_confirmation_event_process
 .text.aci_gatt_prepare_write_permit_req_event_process
                0x08009eac       0x3c ./Middlewares/BlueNRG-2/Wireless/BlueNRG-2/HCI_TL/Basic/bluenrg1_events.o
                0x08009eac                aci_gatt_prepare_write_permit_req_event_process
 .text.hci_le_connection_complete_event_process
                0x08009ee8       0x68 ./Middlewares/BlueNRG-2/Wireless/BlueNRG-2/HCI_TL/Basic/bluenrg1_events.o
                0x08009ee8                hci_le_connection_complete_event_process
 .text.hci_le_advertising_report_event_process
                0x08009f50      0x1ba ./Middlewares/BlueNRG-2/Wireless/BlueNRG-2/HCI_TL/Basic/bluenrg1_events.o
                0x08009f50                hci_le_advertising_report_event_process
 .text.hci_le_connection_update_complete_event_process
                0x0800a10a       0x46 ./Middlewares/BlueNRG-2/Wireless/BlueNRG-2/HCI_TL/Basic/bluenrg1_events.o
                0x0800a10a                hci_le_connection_update_complete_event_process
 .text.hci_le_read_remote_used_features_complete_event_process
                0x0800a150       0x30 ./Middlewares/BlueNRG-2/Wireless/BlueNRG-2/HCI_TL/Basic/bluenrg1_events.o
                0x0800a150                hci_le_read_remote_used_features_complete_event_process
 .text.hci_le_long_term_key_request_event_process
                0x0800a180       0x30 ./Middlewares/BlueNRG-2/Wireless/BlueNRG-2/HCI_TL/Basic/bluenrg1_events.o
                0x0800a180                hci_le_long_term_key_request_event_process
 .text.hci_le_data_length_change_event_process
                0x0800a1b0       0x40 ./Middlewares/BlueNRG-2/Wireless/BlueNRG-2/HCI_TL/Basic/bluenrg1_events.o
                0x0800a1b0                hci_le_data_length_change_event_process
 .text.hci_le_read_local_p256_public_key_complete_event_process
                0x0800a1f0       0x2a ./Middlewares/BlueNRG-2/Wireless/BlueNRG-2/HCI_TL/Basic/bluenrg1_events.o
                0x0800a1f0                hci_le_read_local_p256_public_key_complete_event_process
 .text.hci_le_generate_dhkey_complete_event_process
                0x0800a21a       0x2a ./Middlewares/BlueNRG-2/Wireless/BlueNRG-2/HCI_TL/Basic/bluenrg1_events.o
                0x0800a21a                hci_le_generate_dhkey_complete_event_process
 .text.hci_le_enhanced_connection_complete_event_process
                0x0800a244       0x7c ./Middlewares/BlueNRG-2/Wireless/BlueNRG-2/HCI_TL/Basic/bluenrg1_events.o
                0x0800a244                hci_le_enhanced_connection_complete_event_process
 .text.hci_le_direct_advertising_report_event_process
                0x0800a2c0      0x15e ./Middlewares/BlueNRG-2/Wireless/BlueNRG-2/HCI_TL/Basic/bluenrg1_events.o
                0x0800a2c0                hci_le_direct_advertising_report_event_process
 .text.hci_encryption_change_event
                0x0800a41e       0x1e ./Middlewares/BlueNRG-2/Wireless/BlueNRG-2/HCI_TL/Basic/bluenrg1_events_cb.o
                0x0800a41e                hci_encryption_change_event
 .text.hci_read_remote_version_information_complete_event
                0x0800a43c       0x28 ./Middlewares/BlueNRG-2/Wireless/BlueNRG-2/HCI_TL/Basic/bluenrg1_events_cb.o
                0x0800a43c                hci_read_remote_version_information_complete_event
 .text.hci_hardware_error_event
                0x0800a464       0x16 ./Middlewares/BlueNRG-2/Wireless/BlueNRG-2/HCI_TL/Basic/bluenrg1_events_cb.o
                0x0800a464                hci_hardware_error_event
 .text.hci_number_of_completed_packets_event
                0x0800a47a       0x18 ./Middlewares/BlueNRG-2/Wireless/BlueNRG-2/HCI_TL/Basic/bluenrg1_events_cb.o
                0x0800a47a                hci_number_of_completed_packets_event
 .text.hci_data_buffer_overflow_event
                0x0800a492       0x16 ./Middlewares/BlueNRG-2/Wireless/BlueNRG-2/HCI_TL/Basic/bluenrg1_events_cb.o
                0x0800a492                hci_data_buffer_overflow_event
 .text.hci_encryption_key_refresh_complete_event
                0x0800a4a8       0x1c ./Middlewares/BlueNRG-2/Wireless/BlueNRG-2/HCI_TL/Basic/bluenrg1_events_cb.o
                0x0800a4a8                hci_encryption_key_refresh_complete_event
 .text.hci_le_advertising_report_event
                0x0800a4c4       0x18 ./Middlewares/BlueNRG-2/Wireless/BlueNRG-2/HCI_TL/Basic/bluenrg1_events_cb.o
                0x0800a4c4                hci_le_advertising_report_event
 .text.hci_le_connection_update_complete_event
                0x0800a4dc       0x28 ./Middlewares/BlueNRG-2/Wireless/BlueNRG-2/HCI_TL/Basic/bluenrg1_events_cb.o
                0x0800a4dc                hci_le_connection_update_complete_event
 .text.hci_le_read_remote_used_features_complete_event
                0x0800a504       0x1c ./Middlewares/BlueNRG-2/Wireless/BlueNRG-2/HCI_TL/Basic/bluenrg1_events_cb.o
                0x0800a504                hci_le_read_remote_used_features_complete_event
 .text.hci_le_long_term_key_request_event
                0x0800a520       0x1c ./Middlewares/BlueNRG-2/Wireless/BlueNRG-2/HCI_TL/Basic/bluenrg1_events_cb.o
                0x0800a520                hci_le_long_term_key_request_event
 .text.hci_le_data_length_change_event
                0x0800a53c       0x28 ./Middlewares/BlueNRG-2/Wireless/BlueNRG-2/HCI_TL/Basic/bluenrg1_events_cb.o
                0x0800a53c                hci_le_data_length_change_event
 .text.hci_le_read_local_p256_public_key_complete_event
                0x0800a564       0x18 ./Middlewares/BlueNRG-2/Wireless/BlueNRG-2/HCI_TL/Basic/bluenrg1_events_cb.o
                0x0800a564                hci_le_read_local_p256_public_key_complete_event
 .text.hci_le_generate_dhkey_complete_event
                0x0800a57c       0x18 ./Middlewares/BlueNRG-2/Wireless/BlueNRG-2/HCI_TL/Basic/bluenrg1_events_cb.o
                0x0800a57c                hci_le_generate_dhkey_complete_event
 .text.hci_le_enhanced_connection_complete_event
                0x0800a594       0x28 ./Middlewares/BlueNRG-2/Wireless/BlueNRG-2/HCI_TL/Basic/bluenrg1_events_cb.o
                0x0800a594                hci_le_enhanced_connection_complete_event
 .text.hci_le_direct_advertising_report_event
                0x0800a5bc       0x18 ./Middlewares/BlueNRG-2/Wireless/BlueNRG-2/HCI_TL/Basic/bluenrg1_events_cb.o
                0x0800a5bc                hci_le_direct_advertising_report_event
 .text.aci_gap_limited_discoverable_event
                0x0800a5d4        0xe ./Middlewares/BlueNRG-2/Wireless/BlueNRG-2/HCI_TL/Basic/bluenrg1_events_cb.o
                0x0800a5d4                aci_gap_limited_discoverable_event
 .text.aci_gap_pairing_complete_event
                0x0800a5e2       0x1e ./Middlewares/BlueNRG-2/Wireless/BlueNRG-2/HCI_TL/Basic/bluenrg1_events_cb.o
                0x0800a5e2                aci_gap_pairing_complete_event
 .text.aci_gap_pass_key_req_event
                0x0800a600       0x16 ./Middlewares/BlueNRG-2/Wireless/BlueNRG-2/HCI_TL/Basic/bluenrg1_events_cb.o
                0x0800a600                aci_gap_pass_key_req_event
 .text.aci_gap_authorization_req_event
                0x0800a616       0x16 ./Middlewares/BlueNRG-2/Wireless/BlueNRG-2/HCI_TL/Basic/bluenrg1_events_cb.o
                0x0800a616                aci_gap_authorization_req_event
 .text.aci_gap_slave_security_initiated_event
                0x0800a62c        0xe ./Middlewares/BlueNRG-2/Wireless/BlueNRG-2/HCI_TL/Basic/bluenrg1_events_cb.o
                0x0800a62c                aci_gap_slave_security_initiated_event
 .text.aci_gap_bond_lost_event
                0x0800a63a        0xe ./Middlewares/BlueNRG-2/Wireless/BlueNRG-2/HCI_TL/Basic/bluenrg1_events_cb.o
                0x0800a63a                aci_gap_bond_lost_event
 .text.aci_gap_proc_complete_event
                0x0800a648       0x20 ./Middlewares/BlueNRG-2/Wireless/BlueNRG-2/HCI_TL/Basic/bluenrg1_events_cb.o
                0x0800a648                aci_gap_proc_complete_event
 .text.aci_gap_addr_not_resolved_event
                0x0800a668       0x16 ./Middlewares/BlueNRG-2/Wireless/BlueNRG-2/HCI_TL/Basic/bluenrg1_events_cb.o
                0x0800a668                aci_gap_addr_not_resolved_event
 .text.aci_gap_numeric_comparison_value_event
                0x0800a67e       0x18 ./Middlewares/BlueNRG-2/Wireless/BlueNRG-2/HCI_TL/Basic/bluenrg1_events_cb.o
                0x0800a67e                aci_gap_numeric_comparison_value_event
 .text.aci_gap_keypress_notification_event
                0x0800a696       0x1c ./Middlewares/BlueNRG-2/Wireless/BlueNRG-2/HCI_TL/Basic/bluenrg1_events_cb.o
                0x0800a696                aci_gap_keypress_notification_event
 .text.aci_gatt_attribute_modified_event
                0x0800a6b2       0x28 ./Middlewares/BlueNRG-2/Wireless/BlueNRG-2/HCI_TL/Basic/bluenrg1_events_cb.o
                0x0800a6b2                aci_gatt_attribute_modified_event
 .text.aci_gatt_proc_timeout_event
                0x0800a6da       0x16 ./Middlewares/BlueNRG-2/Wireless/BlueNRG-2/HCI_TL/Basic/bluenrg1_events_cb.o
                0x0800a6da                aci_gatt_proc_timeout_event
 .text.aci_att_exchange_mtu_resp_event
                0x0800a6f0       0x1c ./Middlewares/BlueNRG-2/Wireless/BlueNRG-2/HCI_TL/Basic/bluenrg1_events_cb.o
                0x0800a6f0                aci_att_exchange_mtu_resp_event
 .text.aci_att_find_info_resp_event
                0x0800a70c       0x20 ./Middlewares/BlueNRG-2/Wireless/BlueNRG-2/HCI_TL/Basic/bluenrg1_events_cb.o
                0x0800a70c                aci_att_find_info_resp_event
 .text.aci_att_find_by_type_value_resp_event
                0x0800a72c       0x1c ./Middlewares/BlueNRG-2/Wireless/BlueNRG-2/HCI_TL/Basic/bluenrg1_events_cb.o
                0x0800a72c                aci_att_find_by_type_value_resp_event
 .text.aci_att_read_by_type_resp_event
                0x0800a748       0x20 ./Middlewares/BlueNRG-2/Wireless/BlueNRG-2/HCI_TL/Basic/bluenrg1_events_cb.o
                0x0800a748                aci_att_read_by_type_resp_event
 .text.aci_att_read_resp_event
                0x0800a768       0x1c ./Middlewares/BlueNRG-2/Wireless/BlueNRG-2/HCI_TL/Basic/bluenrg1_events_cb.o
                0x0800a768                aci_att_read_resp_event
 .text.aci_att_read_blob_resp_event
                0x0800a784       0x1c ./Middlewares/BlueNRG-2/Wireless/BlueNRG-2/HCI_TL/Basic/bluenrg1_events_cb.o
                0x0800a784                aci_att_read_blob_resp_event
 .text.aci_att_read_multiple_resp_event
                0x0800a7a0       0x1c ./Middlewares/BlueNRG-2/Wireless/BlueNRG-2/HCI_TL/Basic/bluenrg1_events_cb.o
                0x0800a7a0                aci_att_read_multiple_resp_event
 .text.aci_att_read_by_group_type_resp_event
                0x0800a7bc       0x20 ./Middlewares/BlueNRG-2/Wireless/BlueNRG-2/HCI_TL/Basic/bluenrg1_events_cb.o
                0x0800a7bc                aci_att_read_by_group_type_resp_event
 .text.aci_att_prepare_write_resp_event
                0x0800a7dc       0x28 ./Middlewares/BlueNRG-2/Wireless/BlueNRG-2/HCI_TL/Basic/bluenrg1_events_cb.o
                0x0800a7dc                aci_att_prepare_write_resp_event
 .text.aci_att_exec_write_resp_event
                0x0800a804       0x16 ./Middlewares/BlueNRG-2/Wireless/BlueNRG-2/HCI_TL/Basic/bluenrg1_events_cb.o
                0x0800a804                aci_att_exec_write_resp_event
 .text.aci_gatt_indication_event
                0x0800a81a       0x20 ./Middlewares/BlueNRG-2/Wireless/BlueNRG-2/HCI_TL/Basic/bluenrg1_events_cb.o
                0x0800a81a                aci_gatt_indication_event
 .text.aci_gatt_notification_event
                0x0800a83a       0x20 ./Middlewares/BlueNRG-2/Wireless/BlueNRG-2/HCI_TL/Basic/bluenrg1_events_cb.o
                0x0800a83a                aci_gatt_notification_event
 .text.aci_gatt_proc_complete_event
                0x0800a85a       0x1c ./Middlewares/BlueNRG-2/Wireless/BlueNRG-2/HCI_TL/Basic/bluenrg1_events_cb.o
                0x0800a85a                aci_gatt_proc_complete_event
 .text.aci_gatt_error_resp_event
                0x0800a876       0x28 ./Middlewares/BlueNRG-2/Wireless/BlueNRG-2/HCI_TL/Basic/bluenrg1_events_cb.o
                0x0800a876                aci_gatt_error_resp_event
 .text.aci_gatt_disc_read_char_by_uuid_resp_event
                0x0800a89e       0x20 ./Middlewares/BlueNRG-2/Wireless/BlueNRG-2/HCI_TL/Basic/bluenrg1_events_cb.o
                0x0800a89e                aci_gatt_disc_read_char_by_uuid_resp_event
 .text.aci_gatt_write_permit_req_event
                0x0800a8be       0x20 ./Middlewares/BlueNRG-2/Wireless/BlueNRG-2/HCI_TL/Basic/bluenrg1_events_cb.o
                0x0800a8be                aci_gatt_write_permit_req_event
 .text.aci_gatt_read_multi_permit_req_event
                0x0800a8de       0x1c ./Middlewares/BlueNRG-2/Wireless/BlueNRG-2/HCI_TL/Basic/bluenrg1_events_cb.o
                0x0800a8de                aci_gatt_read_multi_permit_req_event
 .text.aci_gatt_tx_pool_available_event
                0x0800a8fa       0x1c ./Middlewares/BlueNRG-2/Wireless/BlueNRG-2/HCI_TL/Basic/bluenrg1_events_cb.o
                0x0800a8fa                aci_gatt_tx_pool_available_event
 .text.aci_gatt_server_confirmation_event
                0x0800a916       0x16 ./Middlewares/BlueNRG-2/Wireless/BlueNRG-2/HCI_TL/Basic/bluenrg1_events_cb.o
                0x0800a916                aci_gatt_server_confirmation_event
 .text.aci_gatt_prepare_write_permit_req_event
                0x0800a92c       0x28 ./Middlewares/BlueNRG-2/Wireless/BlueNRG-2/HCI_TL/Basic/bluenrg1_events_cb.o
                0x0800a92c                aci_gatt_prepare_write_permit_req_event
 .text.aci_l2cap_connection_update_resp_event
                0x0800a954       0x1c ./Middlewares/BlueNRG-2/Wireless/BlueNRG-2/HCI_TL/Basic/bluenrg1_events_cb.o
                0x0800a954                aci_l2cap_connection_update_resp_event
 .text.aci_l2cap_proc_timeout_event
                0x0800a970       0x1c ./Middlewares/BlueNRG-2/Wireless/BlueNRG-2/HCI_TL/Basic/bluenrg1_events_cb.o
                0x0800a970                aci_l2cap_proc_timeout_event
 .text.aci_l2cap_connection_update_req_event
                0x0800a98c       0x28 ./Middlewares/BlueNRG-2/Wireless/BlueNRG-2/HCI_TL/Basic/bluenrg1_events_cb.o
                0x0800a98c                aci_l2cap_connection_update_req_event
 .text.aci_l2cap_command_reject_event
                0x0800a9b4       0x28 ./Middlewares/BlueNRG-2/Wireless/BlueNRG-2/HCI_TL/Basic/bluenrg1_events_cb.o
                0x0800a9b4                aci_l2cap_command_reject_event
 .text.aci_blue_initialized_event
                0x0800a9dc       0x16 ./Middlewares/BlueNRG-2/Wireless/BlueNRG-2/HCI_TL/Basic/bluenrg1_events_cb.o
                0x0800a9dc                aci_blue_initialized_event
 .text.aci_blue_events_lost_event
                0x0800a9f2       0x14 ./Middlewares/BlueNRG-2/Wireless/BlueNRG-2/HCI_TL/Basic/bluenrg1_events_cb.o
                0x0800a9f2                aci_blue_events_lost_event
 .text.aci_blue_crash_info_event
                0x0800aa06       0x1c ./Middlewares/BlueNRG-2/Wireless/BlueNRG-2/HCI_TL/Basic/bluenrg1_events_cb.o
                0x0800aa06                aci_blue_crash_info_event
 .text.aci_hal_end_of_radio_activity_event
                0x0800aa22       0x1c ./Middlewares/BlueNRG-2/Wireless/BlueNRG-2/HCI_TL/Basic/bluenrg1_events_cb.o
                0x0800aa22                aci_hal_end_of_radio_activity_event
 .text.aci_hal_scan_req_report_event
                0x0800aa3e       0x1c ./Middlewares/BlueNRG-2/Wireless/BlueNRG-2/HCI_TL/Basic/bluenrg1_events_cb.o
                0x0800aa3e                aci_hal_scan_req_report_event
 .text.aci_hal_fw_error_event
                0x0800aa5a       0x1c ./Middlewares/BlueNRG-2/Wireless/BlueNRG-2/HCI_TL/Basic/bluenrg1_events_cb.o
                0x0800aa5a                aci_hal_fw_error_event
 .text.hci_reset
                0x0800aa76       0x52 ./Middlewares/BlueNRG-2/Wireless/BlueNRG-2/HCI_TL/Basic/bluenrg1_hci_le.o
                0x0800aa76                hci_reset
 .text.hci_read_local_version_information
                0x0800aac8       0x8c ./Middlewares/BlueNRG-2/Wireless/BlueNRG-2/HCI_TL/Basic/bluenrg1_hci_le.o
                0x0800aac8                hci_read_local_version_information
 .text.hci_le_set_scan_response_data
                0x0800ab54       0xf2 ./Middlewares/BlueNRG-2/Wireless/BlueNRG-2/HCI_TL/Basic/bluenrg1_hci_le.o
                0x0800ab54                hci_le_set_scan_response_data
 .text.verify_packet
                0x0800ac46       0x40 ./Middlewares/BlueNRG-2/Wireless/BlueNRG-2/HCI_TL/Basic/hci_tl.o
 *fill*         0x0800ac86        0x2 
 .text.send_cmd
                0x0800ac88       0x84 ./Middlewares/BlueNRG-2/Wireless/BlueNRG-2/HCI_TL/Basic/hci_tl.o
 .text.move_list
                0x0800ad0c       0x38 ./Middlewares/BlueNRG-2/Wireless/BlueNRG-2/HCI_TL/Basic/hci_tl.o
 .text.free_event_list
                0x0800ad44       0x3c ./Middlewares/BlueNRG-2/Wireless/BlueNRG-2/HCI_TL/Basic/hci_tl.o
 .text.hci_init
                0x0800ad80       0x84 ./Middlewares/BlueNRG-2/Wireless/BlueNRG-2/HCI_TL/Basic/hci_tl.o
                0x0800ad80                hci_init
 .text.hci_register_io_bus
                0x0800ae04       0x40 ./Middlewares/BlueNRG-2/Wireless/BlueNRG-2/HCI_TL/Basic/hci_tl.o
                0x0800ae04                hci_register_io_bus
 .text.hci_send_req
                0x0800ae44      0x230 ./Middlewares/BlueNRG-2/Wireless/BlueNRG-2/HCI_TL/Basic/hci_tl.o
                0x0800ae44                hci_send_req
 .text.hci_user_evt_proc
                0x0800b074       0x58 ./Middlewares/BlueNRG-2/Wireless/BlueNRG-2/HCI_TL/Basic/hci_tl.o
                0x0800b074                hci_user_evt_proc
 .text.hci_notify_asynch_evt
                0x0800b0cc       0x9c ./Middlewares/BlueNRG-2/Wireless/BlueNRG-2/HCI_TL/Basic/hci_tl.o
                0x0800b0cc                hci_notify_asynch_evt
 .text.list_init_head
                0x0800b168       0x20 ./Middlewares/BlueNRG-2/Wireless/BlueNRG-2/Utils/ble_list.o
                0x0800b168                list_init_head
 .text.list_is_empty
                0x0800b188       0x44 ./Middlewares/BlueNRG-2/Wireless/BlueNRG-2/Utils/ble_list.o
                0x0800b188                list_is_empty
 .text.list_insert_head
                0x0800b1cc       0x4c ./Middlewares/BlueNRG-2/Wireless/BlueNRG-2/Utils/ble_list.o
                0x0800b1cc                list_insert_head
 .text.list_insert_tail
                0x0800b218       0x4c ./Middlewares/BlueNRG-2/Wireless/BlueNRG-2/Utils/ble_list.o
                0x0800b218                list_insert_tail
 .text.list_remove_node
                0x0800b264       0x42 ./Middlewares/BlueNRG-2/Wireless/BlueNRG-2/Utils/ble_list.o
                0x0800b264                list_remove_node
 .text.list_remove_head
                0x0800b2a6       0x4e ./Middlewares/BlueNRG-2/Wireless/BlueNRG-2/Utils/ble_list.o
                0x0800b2a6                list_remove_head
 .text.list_remove_tail
                0x0800b2f4       0x4e ./Middlewares/BlueNRG-2/Wireless/BlueNRG-2/Utils/ble_list.o
                0x0800b2f4                list_remove_tail
 .text.list_get_size
                0x0800b342       0x50 ./Middlewares/BlueNRG-2/Wireless/BlueNRG-2/Utils/ble_list.o
                0x0800b342                list_get_size
 *fill*         0x0800b392        0x2 
 .text.srand    0x0800b394       0x5c E:/STM32CubeIDE_1.18.0/STM32CubeIDE/plugins/com.st.stm32cube.ide.mcu.externaltools.gnu-tools-for-stm32.13.3.rel1.win32_1.0.0.202411081344/tools/bin/../lib/gcc/arm-none-eabi/13.3.1/../../../../arm-none-eabi/lib/thumb/v7e-m+fp/hard\libc_nano.a(libc_a-rand.o)
                0x0800b394                srand
 .text.rand     0x0800b3f0       0x7c E:/STM32CubeIDE_1.18.0/STM32CubeIDE/plugins/com.st.stm32cube.ide.mcu.externaltools.gnu-tools-for-stm32.13.3.rel1.win32_1.0.0.202411081344/tools/bin/../lib/gcc/arm-none-eabi/13.3.1/../../../../arm-none-eabi/lib/thumb/v7e-m+fp/hard\libc_nano.a(libc_a-rand.o)
                0x0800b3f0                rand
 .text.__cvt    0x0800b46c       0xca E:/STM32CubeIDE_1.18.0/STM32CubeIDE/plugins/com.st.stm32cube.ide.mcu.externaltools.gnu-tools-for-stm32.13.3.rel1.win32_1.0.0.202411081344/tools/bin/../lib/gcc/arm-none-eabi/13.3.1/../../../../arm-none-eabi/lib/thumb/v7e-m+fp/hard\libc_nano.a(libc_a-nano-vfprintf_float.o)
                0x0800b46c                __cvt
 .text.__exponent
                0x0800b536       0x74 E:/STM32CubeIDE_1.18.0/STM32CubeIDE/plugins/com.st.stm32cube.ide.mcu.externaltools.gnu-tools-for-stm32.13.3.rel1.win32_1.0.0.202411081344/tools/bin/../lib/gcc/arm-none-eabi/13.3.1/../../../../arm-none-eabi/lib/thumb/v7e-m+fp/hard\libc_nano.a(libc_a-nano-vfprintf_float.o)
                0x0800b536                __exponent
 *fill*         0x0800b5aa        0x2 
 .text._printf_float
                0x0800b5ac      0x454 E:/STM32CubeIDE_1.18.0/STM32CubeIDE/plugins/com.st.stm32cube.ide.mcu.externaltools.gnu-tools-for-stm32.13.3.rel1.win32_1.0.0.202411081344/tools/bin/../lib/gcc/arm-none-eabi/13.3.1/../../../../arm-none-eabi/lib/thumb/v7e-m+fp/hard\libc_nano.a(libc_a-nano-vfprintf_float.o)
                0x0800b5ac                _printf_float
 .text._printf_common
                0x0800ba00       0xda E:/STM32CubeIDE_1.18.0/STM32CubeIDE/plugins/com.st.stm32cube.ide.mcu.externaltools.gnu-tools-for-stm32.13.3.rel1.win32_1.0.0.202411081344/tools/bin/../lib/gcc/arm-none-eabi/13.3.1/../../../../arm-none-eabi/lib/thumb/v7e-m+fp/hard\libc_nano.a(libc_a-nano-vfprintf_i.o)
                0x0800ba00                _printf_common
 *fill*         0x0800bada        0x2 
 .text._printf_i
                0x0800badc      0x23c E:/STM32CubeIDE_1.18.0/STM32CubeIDE/plugins/com.st.stm32cube.ide.mcu.externaltools.gnu-tools-for-stm32.13.3.rel1.win32_1.0.0.202411081344/tools/bin/../lib/gcc/arm-none-eabi/13.3.1/../../../../arm-none-eabi/lib/thumb/v7e-m+fp/hard\libc_nano.a(libc_a-nano-vfprintf_i.o)
                0x0800badc                _printf_i
 .text.std      0x0800bd18       0x6c E:/STM32CubeIDE_1.18.0/STM32CubeIDE/plugins/com.st.stm32cube.ide.mcu.externaltools.gnu-tools-for-stm32.13.3.rel1.win32_1.0.0.202411081344/tools/bin/../lib/gcc/arm-none-eabi/13.3.1/../../../../arm-none-eabi/lib/thumb/v7e-m+fp/hard\libc_nano.a(libc_a-findfp.o)
 .text.stdio_exit_handler
                0x0800bd84       0x18 E:/STM32CubeIDE_1.18.0/STM32CubeIDE/plugins/com.st.stm32cube.ide.mcu.externaltools.gnu-tools-for-stm32.13.3.rel1.win32_1.0.0.202411081344/tools/bin/../lib/gcc/arm-none-eabi/13.3.1/../../../../arm-none-eabi/lib/thumb/v7e-m+fp/hard\libc_nano.a(libc_a-findfp.o)
 .text.cleanup_stdio
                0x0800bd9c       0x40 E:/STM32CubeIDE_1.18.0/STM32CubeIDE/plugins/com.st.stm32cube.ide.mcu.externaltools.gnu-tools-for-stm32.13.3.rel1.win32_1.0.0.202411081344/tools/bin/../lib/gcc/arm-none-eabi/13.3.1/../../../../arm-none-eabi/lib/thumb/v7e-m+fp/hard\libc_nano.a(libc_a-findfp.o)
 .text.global_stdio_init.part.0
                0x0800bddc       0x3c E:/STM32CubeIDE_1.18.0/STM32CubeIDE/plugins/com.st.stm32cube.ide.mcu.externaltools.gnu-tools-for-stm32.13.3.rel1.win32_1.0.0.202411081344/tools/bin/../lib/gcc/arm-none-eabi/13.3.1/../../../../arm-none-eabi/lib/thumb/v7e-m+fp/hard\libc_nano.a(libc_a-findfp.o)
 .text.__sfp_lock_acquire
                0x0800be18        0xc E:/STM32CubeIDE_1.18.0/STM32CubeIDE/plugins/com.st.stm32cube.ide.mcu.externaltools.gnu-tools-for-stm32.13.3.rel1.win32_1.0.0.202411081344/tools/bin/../lib/gcc/arm-none-eabi/13.3.1/../../../../arm-none-eabi/lib/thumb/v7e-m+fp/hard\libc_nano.a(libc_a-findfp.o)
                0x0800be18                __sfp_lock_acquire
 .text.__sfp_lock_release
                0x0800be24        0xc E:/STM32CubeIDE_1.18.0/STM32CubeIDE/plugins/com.st.stm32cube.ide.mcu.externaltools.gnu-tools-for-stm32.13.3.rel1.win32_1.0.0.202411081344/tools/bin/../lib/gcc/arm-none-eabi/13.3.1/../../../../arm-none-eabi/lib/thumb/v7e-m+fp/hard\libc_nano.a(libc_a-findfp.o)
                0x0800be24                __sfp_lock_release
 .text.__sinit  0x0800be30       0x30 E:/STM32CubeIDE_1.18.0/STM32CubeIDE/plugins/com.st.stm32cube.ide.mcu.externaltools.gnu-tools-for-stm32.13.3.rel1.win32_1.0.0.202411081344/tools/bin/../lib/gcc/arm-none-eabi/13.3.1/../../../../arm-none-eabi/lib/thumb/v7e-m+fp/hard\libc_nano.a(libc_a-findfp.o)
                0x0800be30                __sinit
 .text._fwalk_sglue
                0x0800be60       0x3c E:/STM32CubeIDE_1.18.0/STM32CubeIDE/plugins/com.st.stm32cube.ide.mcu.externaltools.gnu-tools-for-stm32.13.3.rel1.win32_1.0.0.202411081344/tools/bin/../lib/gcc/arm-none-eabi/13.3.1/../../../../arm-none-eabi/lib/thumb/v7e-m+fp/hard\libc_nano.a(libc_a-fwalk.o)
                0x0800be60                _fwalk_sglue
 .text.printf   0x0800be9c       0x24 E:/STM32CubeIDE_1.18.0/STM32CubeIDE/plugins/com.st.stm32cube.ide.mcu.externaltools.gnu-tools-for-stm32.13.3.rel1.win32_1.0.0.202411081344/tools/bin/../lib/gcc/arm-none-eabi/13.3.1/../../../../arm-none-eabi/lib/thumb/v7e-m+fp/hard\libc_nano.a(libc_a-printf.o)
                0x0800be9c                iprintf
                0x0800be9c                printf
 .text.__sread  0x0800bec0       0x22 E:/STM32CubeIDE_1.18.0/STM32CubeIDE/plugins/com.st.stm32cube.ide.mcu.externaltools.gnu-tools-for-stm32.13.3.rel1.win32_1.0.0.202411081344/tools/bin/../lib/gcc/arm-none-eabi/13.3.1/../../../../arm-none-eabi/lib/thumb/v7e-m+fp/hard\libc_nano.a(libc_a-stdio.o)
                0x0800bec0                __sread
 .text.__swrite
                0x0800bee2       0x38 E:/STM32CubeIDE_1.18.0/STM32CubeIDE/plugins/com.st.stm32cube.ide.mcu.externaltools.gnu-tools-for-stm32.13.3.rel1.win32_1.0.0.202411081344/tools/bin/../lib/gcc/arm-none-eabi/13.3.1/../../../../arm-none-eabi/lib/thumb/v7e-m+fp/hard\libc_nano.a(libc_a-stdio.o)
                0x0800bee2                __swrite
 .text.__sseek  0x0800bf1a       0x24 E:/STM32CubeIDE_1.18.0/STM32CubeIDE/plugins/com.st.stm32cube.ide.mcu.externaltools.gnu-tools-for-stm32.13.3.rel1.win32_1.0.0.202411081344/tools/bin/../lib/gcc/arm-none-eabi/13.3.1/../../../../arm-none-eabi/lib/thumb/v7e-m+fp/hard\libc_nano.a(libc_a-stdio.o)
                0x0800bf1a                __sseek
 .text.__sclose
                0x0800bf3e        0x8 E:/STM32CubeIDE_1.18.0/STM32CubeIDE/plugins/com.st.stm32cube.ide.mcu.externaltools.gnu-tools-for-stm32.13.3.rel1.win32_1.0.0.202411081344/tools/bin/../lib/gcc/arm-none-eabi/13.3.1/../../../../arm-none-eabi/lib/thumb/v7e-m+fp/hard\libc_nano.a(libc_a-stdio.o)
                0x0800bf3e                __sclose
 .text.memset   0x0800bf46       0x10 E:/STM32CubeIDE_1.18.0/STM32CubeIDE/plugins/com.st.stm32cube.ide.mcu.externaltools.gnu-tools-for-stm32.13.3.rel1.win32_1.0.0.202411081344/tools/bin/../lib/gcc/arm-none-eabi/13.3.1/../../../../arm-none-eabi/lib/thumb/v7e-m+fp/hard\libc_nano.a(libc_a-memset.o)
                0x0800bf46                memset
 *fill*         0x0800bf56        0x2 
 .text._localeconv_r
                0x0800bf58        0x8 E:/STM32CubeIDE_1.18.0/STM32CubeIDE/plugins/com.st.stm32cube.ide.mcu.externaltools.gnu-tools-for-stm32.13.3.rel1.win32_1.0.0.202411081344/tools/bin/../lib/gcc/arm-none-eabi/13.3.1/../../../../arm-none-eabi/lib/thumb/v7e-m+fp/hard\libc_nano.a(libc_a-localeconv.o)
                0x0800bf58                _localeconv_r
 .text._close_r
                0x0800bf60       0x20 E:/STM32CubeIDE_1.18.0/STM32CubeIDE/plugins/com.st.stm32cube.ide.mcu.externaltools.gnu-tools-for-stm32.13.3.rel1.win32_1.0.0.202411081344/tools/bin/../lib/gcc/arm-none-eabi/13.3.1/../../../../arm-none-eabi/lib/thumb/v7e-m+fp/hard\libc_nano.a(libc_a-closer.o)
                0x0800bf60                _close_r
 .text._lseek_r
                0x0800bf80       0x24 E:/STM32CubeIDE_1.18.0/STM32CubeIDE/plugins/com.st.stm32cube.ide.mcu.externaltools.gnu-tools-for-stm32.13.3.rel1.win32_1.0.0.202411081344/tools/bin/../lib/gcc/arm-none-eabi/13.3.1/../../../../arm-none-eabi/lib/thumb/v7e-m+fp/hard\libc_nano.a(libc_a-lseekr.o)
                0x0800bf80                _lseek_r
 .text._read_r  0x0800bfa4       0x24 E:/STM32CubeIDE_1.18.0/STM32CubeIDE/plugins/com.st.stm32cube.ide.mcu.externaltools.gnu-tools-for-stm32.13.3.rel1.win32_1.0.0.202411081344/tools/bin/../lib/gcc/arm-none-eabi/13.3.1/../../../../arm-none-eabi/lib/thumb/v7e-m+fp/hard\libc_nano.a(libc_a-readr.o)
                0x0800bfa4                _read_r
 .text._write_r
                0x0800bfc8       0x24 E:/STM32CubeIDE_1.18.0/STM32CubeIDE/plugins/com.st.stm32cube.ide.mcu.externaltools.gnu-tools-for-stm32.13.3.rel1.win32_1.0.0.202411081344/tools/bin/../lib/gcc/arm-none-eabi/13.3.1/../../../../arm-none-eabi/lib/thumb/v7e-m+fp/hard\libc_nano.a(libc_a-writer.o)
                0x0800bfc8                _write_r
 .text.__errno  0x0800bfec        0xc E:/STM32CubeIDE_1.18.0/STM32CubeIDE/plugins/com.st.stm32cube.ide.mcu.externaltools.gnu-tools-for-stm32.13.3.rel1.win32_1.0.0.202411081344/tools/bin/../lib/gcc/arm-none-eabi/13.3.1/../../../../arm-none-eabi/lib/thumb/v7e-m+fp/hard\libc_nano.a(libc_a-errno.o)
                0x0800bfec                __errno
 .text.__libc_init_array
                0x0800bff8       0x48 E:/STM32CubeIDE_1.18.0/STM32CubeIDE/plugins/com.st.stm32cube.ide.mcu.externaltools.gnu-tools-for-stm32.13.3.rel1.win32_1.0.0.202411081344/tools/bin/../lib/gcc/arm-none-eabi/13.3.1/../../../../arm-none-eabi/lib/thumb/v7e-m+fp/hard\libc_nano.a(libc_a-init.o)
                0x0800bff8                __libc_init_array
 .text.__retarget_lock_init_recursive
                0x0800c040        0x2 E:/STM32CubeIDE_1.18.0/STM32CubeIDE/plugins/com.st.stm32cube.ide.mcu.externaltools.gnu-tools-for-stm32.13.3.rel1.win32_1.0.0.202411081344/tools/bin/../lib/gcc/arm-none-eabi/13.3.1/../../../../arm-none-eabi/lib/thumb/v7e-m+fp/hard\libc_nano.a(libc_a-lock.o)
                0x0800c040                __retarget_lock_init_recursive
 .text.__retarget_lock_acquire_recursive
                0x0800c042        0x2 E:/STM32CubeIDE_1.18.0/STM32CubeIDE/plugins/com.st.stm32cube.ide.mcu.externaltools.gnu-tools-for-stm32.13.3.rel1.win32_1.0.0.202411081344/tools/bin/../lib/gcc/arm-none-eabi/13.3.1/../../../../arm-none-eabi/lib/thumb/v7e-m+fp/hard\libc_nano.a(libc_a-lock.o)
                0x0800c042                __retarget_lock_acquire_recursive
 .text.__retarget_lock_release_recursive
                0x0800c044        0x2 E:/STM32CubeIDE_1.18.0/STM32CubeIDE/plugins/com.st.stm32cube.ide.mcu.externaltools.gnu-tools-for-stm32.13.3.rel1.win32_1.0.0.202411081344/tools/bin/../lib/gcc/arm-none-eabi/13.3.1/../../../../arm-none-eabi/lib/thumb/v7e-m+fp/hard\libc_nano.a(libc_a-lock.o)
                0x0800c044                __retarget_lock_release_recursive
 .text.memcpy   0x0800c046       0x1c E:/STM32CubeIDE_1.18.0/STM32CubeIDE/plugins/com.st.stm32cube.ide.mcu.externaltools.gnu-tools-for-stm32.13.3.rel1.win32_1.0.0.202411081344/tools/bin/../lib/gcc/arm-none-eabi/13.3.1/../../../../arm-none-eabi/lib/thumb/v7e-m+fp/hard\libc_nano.a(libc_a-memcpy-stub.o)
                0x0800c046                memcpy
 *fill*         0x0800c062        0x2 
 .text.__assert_func
                0x0800c064       0x3c E:/STM32CubeIDE_1.18.0/STM32CubeIDE/plugins/com.st.stm32cube.ide.mcu.externaltools.gnu-tools-for-stm32.13.3.rel1.win32_1.0.0.202411081344/tools/bin/../lib/gcc/arm-none-eabi/13.3.1/../../../../arm-none-eabi/lib/thumb/v7e-m+fp/hard\libc_nano.a(libc_a-assert.o)
                0x0800c064                __assert_func
 .text.quorem   0x0800c0a0      0x110 E:/STM32CubeIDE_1.18.0/STM32CubeIDE/plugins/com.st.stm32cube.ide.mcu.externaltools.gnu-tools-for-stm32.13.3.rel1.win32_1.0.0.202411081344/tools/bin/../lib/gcc/arm-none-eabi/13.3.1/../../../../arm-none-eabi/lib/thumb/v7e-m+fp/hard\libc_nano.a(libc_a-dtoa.o)
 .text._dtoa_r  0x0800c1b0      0xba0 E:/STM32CubeIDE_1.18.0/STM32CubeIDE/plugins/com.st.stm32cube.ide.mcu.externaltools.gnu-tools-for-stm32.13.3.rel1.win32_1.0.0.202411081344/tools/bin/../lib/gcc/arm-none-eabi/13.3.1/../../../../arm-none-eabi/lib/thumb/v7e-m+fp/hard\libc_nano.a(libc_a-dtoa.o)
                0x0800c1b0                _dtoa_r
 .text._free_r  0x0800cd50       0x94 E:/STM32CubeIDE_1.18.0/STM32CubeIDE/plugins/com.st.stm32cube.ide.mcu.externaltools.gnu-tools-for-stm32.13.3.rel1.win32_1.0.0.202411081344/tools/bin/../lib/gcc/arm-none-eabi/13.3.1/../../../../arm-none-eabi/lib/thumb/v7e-m+fp/hard\libc_nano.a(libc_a-freer.o)
                0x0800cd50                _free_r
 .text.malloc   0x0800cde4       0x10 E:/STM32CubeIDE_1.18.0/STM32CubeIDE/plugins/com.st.stm32cube.ide.mcu.externaltools.gnu-tools-for-stm32.13.3.rel1.win32_1.0.0.202411081344/tools/bin/../lib/gcc/arm-none-eabi/13.3.1/../../../../arm-none-eabi/lib/thumb/v7e-m+fp/hard\libc_nano.a(libc_a-malloc.o)
                0x0800cde4                malloc
 .text.sbrk_aligned
                0x0800cdf4       0x44 E:/STM32CubeIDE_1.18.0/STM32CubeIDE/plugins/com.st.stm32cube.ide.mcu.externaltools.gnu-tools-for-stm32.13.3.rel1.win32_1.0.0.202411081344/tools/bin/../lib/gcc/arm-none-eabi/13.3.1/../../../../arm-none-eabi/lib/thumb/v7e-m+fp/hard\libc_nano.a(libc_a-mallocr.o)
 .text._malloc_r
                0x0800ce38      0x100 E:/STM32CubeIDE_1.18.0/STM32CubeIDE/plugins/com.st.stm32cube.ide.mcu.externaltools.gnu-tools-for-stm32.13.3.rel1.win32_1.0.0.202411081344/tools/bin/../lib/gcc/arm-none-eabi/13.3.1/../../../../arm-none-eabi/lib/thumb/v7e-m+fp/hard\libc_nano.a(libc_a-mallocr.o)
                0x0800ce38                _malloc_r
 .text.__malloc_lock
                0x0800cf38        0xc E:/STM32CubeIDE_1.18.0/STM32CubeIDE/plugins/com.st.stm32cube.ide.mcu.externaltools.gnu-tools-for-stm32.13.3.rel1.win32_1.0.0.202411081344/tools/bin/../lib/gcc/arm-none-eabi/13.3.1/../../../../arm-none-eabi/lib/thumb/v7e-m+fp/hard\libc_nano.a(libc_a-mlock.o)
                0x0800cf38                __malloc_lock
 .text.__malloc_unlock
                0x0800cf44        0xc E:/STM32CubeIDE_1.18.0/STM32CubeIDE/plugins/com.st.stm32cube.ide.mcu.externaltools.gnu-tools-for-stm32.13.3.rel1.win32_1.0.0.202411081344/tools/bin/../lib/gcc/arm-none-eabi/13.3.1/../../../../arm-none-eabi/lib/thumb/v7e-m+fp/hard\libc_nano.a(libc_a-mlock.o)
                0x0800cf44                __malloc_unlock
 .text._Balloc  0x0800cf50       0x80 E:/STM32CubeIDE_1.18.0/STM32CubeIDE/plugins/com.st.stm32cube.ide.mcu.externaltools.gnu-tools-for-stm32.13.3.rel1.win32_1.0.0.202411081344/tools/bin/../lib/gcc/arm-none-eabi/13.3.1/../../../../arm-none-eabi/lib/thumb/v7e-m+fp/hard\libc_nano.a(libc_a-mprec.o)
                0x0800cf50                _Balloc
 .text._Bfree   0x0800cfd0       0x44 E:/STM32CubeIDE_1.18.0/STM32CubeIDE/plugins/com.st.stm32cube.ide.mcu.externaltools.gnu-tools-for-stm32.13.3.rel1.win32_1.0.0.202411081344/tools/bin/../lib/gcc/arm-none-eabi/13.3.1/../../../../arm-none-eabi/lib/thumb/v7e-m+fp/hard\libc_nano.a(libc_a-mprec.o)
                0x0800cfd0                _Bfree
 .text.__multadd
                0x0800d014       0x8c E:/STM32CubeIDE_1.18.0/STM32CubeIDE/plugins/com.st.stm32cube.ide.mcu.externaltools.gnu-tools-for-stm32.13.3.rel1.win32_1.0.0.202411081344/tools/bin/../lib/gcc/arm-none-eabi/13.3.1/../../../../arm-none-eabi/lib/thumb/v7e-m+fp/hard\libc_nano.a(libc_a-mprec.o)
                0x0800d014                __multadd
 .text.__hi0bits
                0x0800d0a0       0x3e E:/STM32CubeIDE_1.18.0/STM32CubeIDE/plugins/com.st.stm32cube.ide.mcu.externaltools.gnu-tools-for-stm32.13.3.rel1.win32_1.0.0.202411081344/tools/bin/../lib/gcc/arm-none-eabi/13.3.1/../../../../arm-none-eabi/lib/thumb/v7e-m+fp/hard\libc_nano.a(libc_a-mprec.o)
                0x0800d0a0                __hi0bits
 .text.__lo0bits
                0x0800d0de       0x5a E:/STM32CubeIDE_1.18.0/STM32CubeIDE/plugins/com.st.stm32cube.ide.mcu.externaltools.gnu-tools-for-stm32.13.3.rel1.win32_1.0.0.202411081344/tools/bin/../lib/gcc/arm-none-eabi/13.3.1/../../../../arm-none-eabi/lib/thumb/v7e-m+fp/hard\libc_nano.a(libc_a-mprec.o)
                0x0800d0de                __lo0bits
 .text.__i2b    0x0800d138       0x2c E:/STM32CubeIDE_1.18.0/STM32CubeIDE/plugins/com.st.stm32cube.ide.mcu.externaltools.gnu-tools-for-stm32.13.3.rel1.win32_1.0.0.202411081344/tools/bin/../lib/gcc/arm-none-eabi/13.3.1/../../../../arm-none-eabi/lib/thumb/v7e-m+fp/hard\libc_nano.a(libc_a-mprec.o)
                0x0800d138                __i2b
 .text.__multiply