C:/Users/maiv2/STM32CubeIDE/workspace_1.18.0/SensorDemo_BLE_l476rg-main/Src/app_bluenrg_2.c:113:9:linear_interpolation	16	static
C:/Users/maiv2/STM32CubeIDE/workspace_1.18.0/SensorDemo_BLE_l476rg-main/Src/app_bluenrg_2.c:150:6:MX_BlueNRG_2_Init	16	static
C:/Users/maiv2/STM32CubeIDE/workspace_1.18.0/SensorDemo_BLE_l476rg-main/Src/app_bluenrg_2.c:192:6:MX_BlueNRG_2_Process	8	static
C:/Users/maiv2/STM32CubeIDE/workspace_1.18.0/SensorDemo_BLE_l476rg-main/Src/app_bluenrg_2.c:212:13:User_Init	8	static
C:/Users/maiv2/STM32CubeIDE/workspace_1.18.0/SensorDemo_BLE_l476rg-main/Src/app_bluenrg_2.c:226:9:Sensor_DeviceInit	56	static
C:/Users/maiv2/STM32CubeIDE/workspace_1.18.0/SensorDemo_BLE_l476rg-main/Src/app_bluenrg_2.c:363:13:User_Process	56	static
C:/Users/maiv2/STM32CubeIDE/workspace_1.18.0/SensorDemo_BLE_l476rg-main/Src/app_bluenrg_2.c:436:13:Set_Random_Environmental_Values	48	static
C:/Users/maiv2/STM32CubeIDE/workspace_1.18.0/SensorDemo_BLE_l476rg-main/Src/app_bluenrg_2.c:448:13:Set_Random_Motion_Values	1032	static
C:/Users/maiv2/STM32CubeIDE/workspace_1.18.0/SensorDemo_BLE_l476rg-main/Src/app_bluenrg_2.c:489:13:Reset_Motion_Values	4	static
C:/Users/maiv2/STM32CubeIDE/workspace_1.18.0/SensorDemo_BLE_l476rg-main/Src/app_bluenrg_2.c:512:9:getBlueNRGVersion	48	static
C:/Users/maiv2/STM32CubeIDE/workspace_1.18.0/SensorDemo_BLE_l476rg-main/Src/app_bluenrg_2.c:536:6:BSP_PB_Callback	16	static
C:/Users/maiv2/STM32CubeIDE/workspace_1.18.0/SensorDemo_BLE_l476rg-main/Src/app_bluenrg_2.c:549:6:hci_le_connection_complete_event	24	static
C:/Users/maiv2/STM32CubeIDE/workspace_1.18.0/SensorDemo_BLE_l476rg-main/Src/app_bluenrg_2.c:571:6:hci_disconnection_complete_event	16	static
C:/Users/maiv2/STM32CubeIDE/workspace_1.18.0/SensorDemo_BLE_l476rg-main/Src/app_bluenrg_2.c:590:6:aci_gatt_read_permit_req_event	16	static
C:/Users/maiv2/STM32CubeIDE/workspace_1.18.0/SensorDemo_BLE_l476rg-main/Src/app_bluenrg_2.c:597:6:Sensor_Init	8	static
C:/Users/maiv2/STM32CubeIDE/workspace_1.18.0/SensorDemo_BLE_l476rg-main/Src/app_bluenrg_2.c:625:7:Read_Humidity_HTS221	32	static
C:/Users/maiv2/STM32CubeIDE/workspace_1.18.0/SensorDemo_BLE_l476rg-main/Src/app_bluenrg_2.c:649:7:Read_Temperature_HTS221	32	static
C:/Users/maiv2/STM32CubeIDE/workspace_1.18.0/SensorDemo_BLE_l476rg-main/Src/app_bluenrg_2.c:666:7:Read_Pressure_LPS22HH	16	static
C:/Users/maiv2/STM32CubeIDE/workspace_1.18.0/SensorDemo_BLE_l476rg-main/Src/app_bluenrg_2.c:675:7:Read_Temperature_LPS22HH	16	static
C:/Users/maiv2/STM32CubeIDE/workspace_1.18.0/SensorDemo_BLE_l476rg-main/Src/app_bluenrg_2.c:683:16:hts221_platform_write	40	static
C:/Users/maiv2/STM32CubeIDE/workspace_1.18.0/SensorDemo_BLE_l476rg-main/Src/app_bluenrg_2.c:692:16:hts221_platform_read	40	static
C:/Users/maiv2/STM32CubeIDE/workspace_1.18.0/SensorDemo_BLE_l476rg-main/Src/app_bluenrg_2.c:702:16:lps22hh_platform_write	40	static
C:/Users/maiv2/STM32CubeIDE/workspace_1.18.0/SensorDemo_BLE_l476rg-main/Src/app_bluenrg_2.c:710:16:lps22hh_platform_read	40	static
