C:/Users/maiv2/STM32CubeIDE/workspace_1.18.0/SensorDemo_BLE_l476rg-main/Src/app_bluenrg_2.c:113:9:linear_interpolation	16	static
C:/Users/maiv2/STM32CubeIDE/workspace_1.18.0/SensorDemo_BLE_l476rg-main/Src/app_bluenrg_2.c:150:6:MX_BlueNRG_2_Init	16	static
C:/Users/maiv2/STM32CubeIDE/workspace_1.18.0/SensorDemo_BLE_l476rg-main/Src/app_bluenrg_2.c:192:6:MX_BlueNRG_2_Process	8	static
C:/Users/maiv2/STM32CubeIDE/workspace_1.18.0/SensorDemo_BLE_l476rg-main/Src/app_bluenrg_2.c:212:13:User_Init	8	static
C:/Users/maiv2/STM32CubeIDE/workspace_1.18.0/SensorDemo_BLE_l476rg-main/Src/app_bluenrg_2.c:226:9:Sensor_DeviceInit	56	static
C:/Users/maiv2/STM32CubeIDE/workspace_1.18.0/SensorDemo_BLE_l476rg-main/Src/app_bluenrg_2.c:363:13:User_Process	24	static
C:/Users/maiv2/STM32CubeIDE/workspace_1.18.0/SensorDemo_BLE_l476rg-main/Src/app_bluenrg_2.c:433:13:Set_Random_Environmental_Values	48	static
C:/Users/maiv2/STM32CubeIDE/workspace_1.18.0/SensorDemo_BLE_l476rg-main/Src/app_bluenrg_2.c:445:13:Set_Random_Motion_Values	1032	static
C:/Users/maiv2/STM32CubeIDE/workspace_1.18.0/SensorDemo_BLE_l476rg-main/Src/app_bluenrg_2.c:486:13:Reset_Motion_Values	4	static
C:/Users/maiv2/STM32CubeIDE/workspace_1.18.0/SensorDemo_BLE_l476rg-main/Src/app_bluenrg_2.c:509:9:getBlueNRGVersion	48	static
C:/Users/maiv2/STM32CubeIDE/workspace_1.18.0/SensorDemo_BLE_l476rg-main/Src/app_bluenrg_2.c:533:6:BSP_PB_Callback	16	static
C:/Users/maiv2/STM32CubeIDE/workspace_1.18.0/SensorDemo_BLE_l476rg-main/Src/app_bluenrg_2.c:546:6:hci_le_connection_complete_event	24	static
C:/Users/maiv2/STM32CubeIDE/workspace_1.18.0/SensorDemo_BLE_l476rg-main/Src/app_bluenrg_2.c:568:6:hci_disconnection_complete_event	16	static
C:/Users/maiv2/STM32CubeIDE/workspace_1.18.0/SensorDemo_BLE_l476rg-main/Src/app_bluenrg_2.c:587:6:aci_gatt_read_permit_req_event	16	static
C:/Users/maiv2/STM32CubeIDE/workspace_1.18.0/SensorDemo_BLE_l476rg-main/Src/app_bluenrg_2.c:594:6:Sensor_Init	4	static
C:/Users/maiv2/STM32CubeIDE/workspace_1.18.0/SensorDemo_BLE_l476rg-main/Src/app_bluenrg_2.c:608:7:Read_Humidity_HTS221	32	static
C:/Users/maiv2/STM32CubeIDE/workspace_1.18.0/SensorDemo_BLE_l476rg-main/Src/app_bluenrg_2.c:628:7:Read_Temperature_HTS221	32	static
C:/Users/maiv2/STM32CubeIDE/workspace_1.18.0/SensorDemo_BLE_l476rg-main/Src/app_bluenrg_2.c:645:7:Read_Pressure_LPS22HH	16	static
C:/Users/maiv2/STM32CubeIDE/workspace_1.18.0/SensorDemo_BLE_l476rg-main/Src/app_bluenrg_2.c:654:7:Read_Temperature_LPS22HH	16	static
C:/Users/maiv2/STM32CubeIDE/workspace_1.18.0/SensorDemo_BLE_l476rg-main/Src/app_bluenrg_2.c:662:16:hts221_platform_write	40	static
C:/Users/maiv2/STM32CubeIDE/workspace_1.18.0/SensorDemo_BLE_l476rg-main/Src/app_bluenrg_2.c:671:16:hts221_platform_read	40	static
C:/Users/maiv2/STM32CubeIDE/workspace_1.18.0/SensorDemo_BLE_l476rg-main/Src/app_bluenrg_2.c:681:16:lps22hh_platform_write	40	static
C:/Users/maiv2/STM32CubeIDE/workspace_1.18.0/SensorDemo_BLE_l476rg-main/Src/app_bluenrg_2.c:689:16:lps22hh_platform_read	40	static
